../Core/Src/main.c:108:5:main	16	static
../Core/Src/main.c:256:6:SystemClock_Config	88	static
../Core/Src/main.c:299:13:App_ProcessAlarm	24	static
../Core/Src/main.c:327:13:App_ProcessEvents	8	static
../Core/Src/main.c:357:13:App_SendText	16	static
../Core/Src/main.c:369:13:App_SendReport	104	static
../Core/Src/main.c:384:6:HAL_UART_RxCpltCallback	16	static
../Core/Src/main.c:393:6:HAL_ADC_ConvHalfCpltCallback	16	static
../Core/Src/main.c:400:6:HAL_ADC_ConvCpltCallback	16	static
../Core/Src/main.c:407:6:ProcessSamples	24	static
../Core/Src/main.c:419:6:HAL_TIM_PeriodElapsedCallback	16	static
../Core/Src/main.c:440:6:HAL_GPIO_EXTI_Callback	16	static
../Core/Src/main.c:462:6:Error_Handler	4	static,ignoring_inline_asm
