Archive member included to satisfy reference by file (symbol)

C:/ST/STM32CubeIDE_2.0.0/STM32CubeIDE/plugins/com.st.stm32cube.ide.mcu.externaltools.gnu-tools-for-stm32.13.3.rel1.win32_1.0.100.202509120712/tools/bin/../lib/gcc/arm-none-eabi/13.3.1/../../../../arm-none-eabi/lib/thumb/v7e-m+fp/hard\libc_nano.a(libc_a-exit.o)
                              C:/ST/STM32CubeIDE_2.0.0/STM32CubeIDE/plugins/com.st.stm32cube.ide.mcu.externaltools.gnu-tools-for-stm32.13.3.rel1.win32_1.0.100.202509120712/tools/bin/../lib/gcc/arm-none-eabi/13.3.1/../../../../arm-none-eabi/lib/thumb/v7e-m+fp/hard/crt0.o (exit)
C:/ST/STM32CubeIDE_2.0.0/STM32CubeIDE/plugins/com.st.stm32cube.ide.mcu.externaltools.gnu-tools-for-stm32.13.3.rel1.win32_1.0.100.202509120712/tools/bin/../lib/gcc/arm-none-eabi/13.3.1/../../../../arm-none-eabi/lib/thumb/v7e-m+fp/hard\libc_nano.a(libc_a-findfp.o)
                              C:/ST/STM32CubeIDE_2.0.0/STM32CubeIDE/plugins/com.st.stm32cube.ide.mcu.externaltools.gnu-tools-for-stm32.13.3.rel1.win32_1.0.100.202509120712/tools/bin/../lib/gcc/arm-none-eabi/13.3.1/../../../../arm-none-eabi/lib/thumb/v7e-m+fp/hard\libc_nano.a(libc_a-exit.o) (__stdio_exit_handler)
C:/ST/STM32CubeIDE_2.0.0/STM32CubeIDE/plugins/com.st.stm32cube.ide.mcu.externaltools.gnu-tools-for-stm32.13.3.rel1.win32_1.0.100.202509120712/tools/bin/../lib/gcc/arm-none-eabi/13.3.1/../../../../arm-none-eabi/lib/thumb/v7e-m+fp/hard\libc_nano.a(libc_a-fwalk.o)
                              C:/ST/STM32CubeIDE_2.0.0/STM32CubeIDE/plugins/com.st.stm32cube.ide.mcu.externaltools.gnu-tools-for-stm32.13.3.rel1.win32_1.0.100.202509120712/tools/bin/../lib/gcc/arm-none-eabi/13.3.1/../../../../arm-none-eabi/lib/thumb/v7e-m+fp/hard\libc_nano.a(libc_a-findfp.o) (_fwalk_sglue)
C:/ST/STM32CubeIDE_2.0.0/STM32CubeIDE/plugins/com.st.stm32cube.ide.mcu.externaltools.gnu-tools-for-stm32.13.3.rel1.win32_1.0.100.202509120712/tools/bin/../lib/gcc/arm-none-eabi/13.3.1/../../../../arm-none-eabi/lib/thumb/v7e-m+fp/hard\libc_nano.a(libc_a-snprintf.o)
                              ./Core/Src/main.o (snprintf)
C:/ST/STM32CubeIDE_2.0.0/STM32CubeIDE/plugins/com.st.stm32cube.ide.mcu.externaltools.gnu-tools-for-stm32.13.3.rel1.win32_1.0.100.202509120712/tools/bin/../lib/gcc/arm-none-eabi/13.3.1/../../../../arm-none-eabi/lib/thumb/v7e-m+fp/hard\libc_nano.a(libc_a-sscanf.o)
                              ./Core/Src/cmd_parser.o (sscanf)
C:/ST/STM32CubeIDE_2.0.0/STM32CubeIDE/plugins/com.st.stm32cube.ide.mcu.externaltools.gnu-tools-for-stm32.13.3.rel1.win32_1.0.100.202509120712/tools/bin/../lib/gcc/arm-none-eabi/13.3.1/../../../../arm-none-eabi/lib/thumb/v7e-m+fp/hard\libc_nano.a(libc_a-stdio.o)
                              C:/ST/STM32CubeIDE_2.0.0/STM32CubeIDE/plugins/com.st.stm32cube.ide.mcu.externaltools.gnu-tools-for-stm32.13.3.rel1.win32_1.0.100.202509120712/tools/bin/../lib/gcc/arm-none-eabi/13.3.1/../../../../arm-none-eabi/lib/thumb/v7e-m+fp/hard\libc_nano.a(libc_a-findfp.o) (__sread)
C:/ST/STM32CubeIDE_2.0.0/STM32CubeIDE/plugins/com.st.stm32cube.ide.mcu.externaltools.gnu-tools-for-stm32.13.3.rel1.win32_1.0.100.202509120712/tools/bin/../lib/gcc/arm-none-eabi/13.3.1/../../../../arm-none-eabi/lib/thumb/v7e-m+fp/hard\libc_nano.a(libc_a-vsnprintf.o)
                              ./Core/Src/cmd_parser.o (vsnprintf)
C:/ST/STM32CubeIDE_2.0.0/STM32CubeIDE/plugins/com.st.stm32cube.ide.mcu.externaltools.gnu-tools-for-stm32.13.3.rel1.win32_1.0.100.202509120712/tools/bin/../lib/gcc/arm-none-eabi/13.3.1/../../../../arm-none-eabi/lib/thumb/v7e-m+fp/hard\libc_nano.a(libc_a-memcmp.o)
                              ./Core/Src/flash_manager.o (memcmp)
C:/ST/STM32CubeIDE_2.0.0/STM32CubeIDE/plugins/com.st.stm32cube.ide.mcu.externaltools.gnu-tools-for-stm32.13.3.rel1.win32_1.0.100.202509120712/tools/bin/../lib/gcc/arm-none-eabi/13.3.1/../../../../arm-none-eabi/lib/thumb/v7e-m+fp/hard\libc_nano.a(libc_a-memset.o)
                              C:/ST/STM32CubeIDE_2.0.0/STM32CubeIDE/plugins/com.st.stm32cube.ide.mcu.externaltools.gnu-tools-for-stm32.13.3.rel1.win32_1.0.100.202509120712/tools/bin/../lib/gcc/arm-none-eabi/13.3.1/../../../../arm-none-eabi/lib/thumb/v7e-m+fp/hard/crt0.o (memset)
C:/ST/STM32CubeIDE_2.0.0/STM32CubeIDE/plugins/com.st.stm32cube.ide.mcu.externaltools.gnu-tools-for-stm32.13.3.rel1.win32_1.0.100.202509120712/tools/bin/../lib/gcc/arm-none-eabi/13.3.1/../../../../arm-none-eabi/lib/thumb/v7e-m+fp/hard\libc_nano.a(libc_a-strncmp.o)
                              ./Core/Src/cmd_parser.o (strncmp)
C:/ST/STM32CubeIDE_2.0.0/STM32CubeIDE/plugins/com.st.stm32cube.ide.mcu.externaltools.gnu-tools-for-stm32.13.3.rel1.win32_1.0.100.202509120712/tools/bin/../lib/gcc/arm-none-eabi/13.3.1/../../../../arm-none-eabi/lib/thumb/v7e-m+fp/hard\libc_nano.a(libc_a-closer.o)
[...]
Memory Configuration

Name             Origin             Length             Attributes
RAM              0x20000000         0x0001c000         xrw
FLASH            0x08000000         0x00080000         xr
*default*        0x00000000         0xffffffff

Linker script and memory map

LOAD C:/ST/STM32CubeIDE_2.0.0/STM32CubeIDE/plugins/com.st.stm32cube.ide.mcu.externaltools.gnu-tools-for-stm32.13.3.rel1.win32_1.0.100.202509120712/tools/bin/../lib/gcc/arm-none-eabi/13.3.1/thumb/v7e-m+fp/hard/crti.o
LOAD C:/ST/STM32CubeIDE_2.0.0/STM32CubeIDE/plugins/com.st.stm32cube.ide.mcu.externaltools.gnu-tools-for-stm32.13.3.rel1.win32_1.0.100.202509120712/tools/bin/../lib/gcc/arm-none-eabi/13.3.1/thumb/v7e-m+fp/hard/crtbegin.o
LOAD C:/ST/STM32CubeIDE_2.0.0/STM32CubeIDE/plugins/com.st.stm32cube.ide.mcu.externaltools.gnu-tools-for-stm32.13.3.rel1.win32_1.0.100.202509120712/tools/bin/../lib/gcc/arm-none-eabi/13.3.1/../../../../arm-none-eabi/lib/thumb/v7e-m+fp/hard/crt0.o
LOAD ./Core/Src/adc.o
LOAD ./Core/Src/cmd_parser.o
LOAD ./Core/Src/dac.o
LOAD ./Core/Src/dma.o
LOAD ./Core/Src/events_handler.o
LOAD ./Core/Src/flash_manager.o
LOAD ./Core/Src/gpio.o
LOAD ./Core/Src/i2c.o
LOAD ./Core/Src/main.o
LOAD ./Core/Src/mpu6050.o
LOAD ./Core/Src/ring_buffer.o
LOAD ./Core/Src/stm32g4xx_hal_msp.o
LOAD ./Core/Src/stm32g4xx_it.o
LOAD ./Core/Src/syscalls.o
LOAD ./Core/Src/sysmem.o
LOAD ./Core/Src/system_stm32g4xx.o
LOAD ./Core/Src/tim.o
LOAD ./Core/Src/usart.o
LOAD ./Core/Startup/startup_stm32g491retx.o
LOAD ./Drivers/STM32G4xx_HAL_Driver/Src/stm32g4xx_hal.o
LOAD ./Drivers/STM32G4xx_HAL_Driver/Src/stm32g4xx_hal_adc.o
LOAD ./Drivers/STM32G4xx_HAL_Driver/Src/stm32g4xx_hal_adc_ex.o
LOAD ./Drivers/STM32G4xx_HAL_Driver/Src/stm32g4xx_hal_cortex.o
LOAD ./Drivers/STM32G4xx_HAL_Driver/Src/stm32g4xx_hal_dac.o
LOAD ./Drivers/STM32G4xx_HAL_Driver/Src/stm32g4xx_hal_dac_ex.o
LOAD ./Drivers/STM32G4xx_HAL_Driver/Src/stm32g4xx_hal_dma.o
LOAD ./Drivers/STM32G4xx_HAL_Driver/Src/stm32g4xx_hal_dma_ex.o
LOAD ./Drivers/STM32G4xx_HAL_Driver/Src/stm32g4xx_hal_exti.o
LOAD ./Drivers/STM32G4xx_HAL_Driver/Src/stm32g4xx_hal_flash.o
LOAD ./Drivers/STM32G4xx_HAL_Driver/Src/stm32g4xx_hal_flash_ex.o
LOAD ./Drivers/STM32G4xx_HAL_Driver/Src/stm32g4xx_hal_flash_ramfunc.o
LOAD ./Drivers/STM32G4xx_HAL_Driver/Src/stm32g4xx_hal_gpio.o
LOAD ./Drivers/STM32G4xx_HAL_Driver/Src/stm32g4xx_hal_i2c.o
LOAD ./Drivers/STM32G4xx_HAL_Driver/Src/stm32g4xx_hal_i2c_ex.o
LOAD ./Drivers/STM32G4xx_HAL_Driver/Src/stm32g4xx_hal_pwr.o
LOAD ./Drivers/STM32G4xx_HAL_Driver/Src/stm32g4xx_hal_pwr_ex.o
LOAD ./Drivers/STM32G4xx_HAL_Driver/Src/stm32g4xx_hal_rcc.o
LOAD ./Drivers/STM32G4xx_HAL_Driver/Src/stm32g4xx_hal_rcc_ex.o
LOAD ./Drivers/STM32G4xx_HAL_Driver/Src/stm32g4xx_hal_tim.o
LOAD ./Drivers/STM32G4xx_HAL_Driver/Src/stm32g4xx_hal_tim_ex.o
LOAD ./Drivers/STM32G4xx_HAL_Driver/Src/stm32g4xx_hal_uart.o
LOAD ./Drivers/STM32G4xx_HAL_Driver/Src/stm32g4xx_hal_uart_ex.o
LOAD ./Drivers/STM32G4xx_HAL_Driver/Src/stm32g4xx_ll_adc.o
START GROUP
LOAD C:/ST/STM32CubeIDE_2.0.0/STM32CubeIDE/plugins/com.st.stm32cube.ide.mcu.externaltools.gnu-tools-for-stm32.13.3.rel1.win32_1.0.100.202509120712/tools/bin/../lib/gcc/arm-none-eabi/13.3.1/../../../../arm-none-eabi/lib/thumb/v7e-m+fp/hard\libc_nano.a
LOAD C:/ST/STM32CubeIDE_2.0.0/STM32CubeIDE/plugins/com.st.stm32cube.ide.mcu.externaltools.gnu-tools-for-stm32.13.3.rel1.win32_1.0.100.202509120712/tools/bin/../lib/gcc/arm-none-eabi/13.3.1/../../../../arm-none-eabi/lib/thumb/v7e-m+fp/hard\libm.a
END GROUP
START GROUP
LOAD C:/ST/STM32CubeIDE_2.0.0/STM32CubeIDE/plugins/com.st.stm32cube.ide.mcu.externaltools.gnu-tools-for-stm32.13.3.rel1.win32_1.0.100.202509120712/tools/bin/../lib/gcc/arm-none-eabi/13.3.1/thumb/v7e-m+fp/hard\libgcc.a
LOAD C:/ST/STM32CubeIDE_2.0.0/STM32CubeIDE/plugins/com.st.stm32cube.ide.mcu.externaltools.gnu-tools-for-stm32.13.3.rel1.win32_1.0.100.202509120712/tools/bin/../lib/gcc/arm-none-eabi/13.3.1/../../../../arm-none-eabi/lib/thumb/v7e-m+fp/hard\libc_nano.a
END GROUP
START GROUP
LOAD C:/ST/STM32CubeIDE_2.0.0/STM32CubeIDE/plugins/com.st.stm32cube.ide.mcu.externaltools.gnu-tools-for-stm32.13.3.rel1.win32_1.0.100.202509120712/tools/bin/../lib/gcc/arm-none-eabi/13.3.1/thumb/v7e-m+fp/hard\libgcc.a
LOAD C:/ST/STM32CubeIDE_2.0.0/STM32CubeIDE/plugins/com.st.stm32cube.ide.mcu.externaltools.gnu-tools-for-stm32.13.3.rel1.win32_1.0.100.202509120712/tools/bin/../lib/gcc/arm-none-eabi/13.3.1/../../../../arm-none-eabi/lib/thumb/v7e-m+fp/hard\libc_nano.a
LOAD C:/ST/STM32CubeIDE_2.0.0/STM32CubeIDE/plugins/com.st.stm32cube.ide.mcu.externaltools.gnu-tools-for-stm32.13.3.rel1.win32_1.0.100.202509120712/tools/bin/../lib/gcc/arm-none-eabi/13.3.1/../../../../arm-none-eabi/lib/thumb/v7e-m+fp/hard\libnosys.a
END GROUP
START GROUP
LOAD C:/ST/STM32CubeIDE_2.0.0/STM32CubeIDE/plugins/com.st.stm32cube.ide.mcu.externaltools.gnu-tools-for-stm32.13.3.rel1.win32_1.0.100.202509120712/tools/bin/../lib/gcc/arm-none-eabi/13.3.1/thumb/v7e-m+fp/hard\libgcc.a
LOAD C:/ST/STM32CubeIDE_2.0.0/STM32CubeIDE/plugins/com.st.stm32cube.ide.mcu.externaltools.gnu-tools-for-stm32.13.3.rel1.win32_1.0.100.202509120712/tools/bin/../lib/gcc/arm-none-eabi/13.3.1/../../../../arm-none-eabi/lib/thumb/v7e-m+fp/hard\libc_nano.a
LOAD C:/ST/STM32CubeIDE_2.0.0/STM32CubeIDE/plugins/com.st.stm32cube.ide.mcu.externaltools.gnu-tools-for-stm32.13.3.rel1.win32_1.0.100.202509120712/tools/bin/../lib/gcc/arm-none-eabi/13.3.1/../../../../arm-none-eabi/lib/thumb/v7e-m+fp/hard\libnosys.a
END GROUP
LOAD C:/ST/STM32CubeIDE_2.0.0/STM32CubeIDE/plugins/com.st.stm32cube.ide.mcu.externaltools.gnu-tools-for-stm32.13.3.rel1.win32_1.0.100.202509120712/tools/bin/../lib/gcc/arm-none-eabi/13.3.1/thumb/v7e-m+fp/hard/crtend.o
LOAD C:/ST/STM32CubeIDE_2.0.0/STM32CubeIDE/plugins/com.st.stm32cube.ide.mcu.externaltools.gnu-tools-for-stm32.13.3.rel1.win32_1.0.100.202509120712/tools/bin/../lib/gcc/arm-none-eabi/13.3.1/thumb/v7e-m+fp/hard/crtn.o
                0x2001c000                        _estack = (ORIGIN (RAM) + LENGTH (RAM))
                0x00000200                        _Min_Heap_Size = 0x200
                0x00000400                        _Min_Stack_Size = 0x400

.isr_vector     0x08000000      0x1d8
                0x08000000                        . = ALIGN (0x4)
 *(.isr_vector)
 .isr_vector    0x08000000      0x1d8 ./Core/Startup/startup_stm32g491retx.o
                0x08000000                g_pfnVectors
                0x080001d8                        . = ALIGN (0x4)

.text           0x080001e0     0xc610
                0x080001e0                        . = ALIGN (0x4)
 *(.text)
 .text          0x080001e0       0x40 C:/ST/STM32CubeIDE_2.0.0/STM32CubeIDE/plugins/com.st.stm32cube.ide.mcu.externaltools.gnu-tools-for-stm32.13.3.rel1.win32_1.0.100.202509120712/tools/bin/../lib/gcc/arm-none-eabi/13.3.1/thumb/v7e-m+fp/hard/crtbegin.o
 .text          0x08000220       0x14 C:/ST/STM32CubeIDE_2.0.0/STM32CubeIDE/plugins/com.st.stm32cube.ide.mcu.externaltools.gnu-tools-for-stm32.13.3.rel1.win32_1.0.100.202509120712/tools/bin/../lib/gcc/arm-none-eabi/13.3.1/../../../../arm-none-eabi/lib/thumb/v7e-m+fp/hard\libc_nano.a(libc_a-strcmp.o)
                0x08000220                strcmp
 .text          0x08000234       0x10 C:/ST/STM32CubeIDE_2.0.0/STM32CubeIDE/plugins/com.st.stm32cube.ide.mcu.externaltools.gnu-tools-for-stm32.13.3.rel1.win32_1.0.100.202509120712/tools/bin/../lib/gcc/arm-none-eabi/13.3.1/../../../../arm-none-eabi/lib/thumb/v7e-m+fp/hard\libc_nano.a(libc_a-strlen.o)
                0x08000234                strlen
 *fill*         0x08000244        0xc 
 .text          0x08000250       0xa0 C:/ST/STM32CubeIDE_2.0.0/STM32CubeIDE/plugins/com.st.stm32cube.ide.mcu.externaltools.gnu-tools-for-stm32.13.3.rel1.win32_1.0.100.202509120712/tools/bin/../lib/gcc/arm-none-eabi/13.3.1/../../../../arm-none-eabi/lib/thumb/v7e-m+fp/hard\libc_nano.a(libc_a-memchr.o)
                0x08000250                memchr
 .text          0x080002f0      0x378 C:/ST/STM32CubeIDE_2.0.0/STM32CubeIDE/plugins/com.st.stm32cube.ide.mcu.externaltools.gnu-tools-for-stm32.13.3.rel1.win32_1.0.100.202509120712/tools/bin/../lib/gcc/arm-none-eabi/13.3.1/thumb/v7e-m+fp/hard\libgcc.a(_arm_addsubdf3.o)
                0x080002f0                __aeabi_drsub
                0x080002f8                __aeabi_dsub
                0x080002f8                __subdf3
                0x080002fc                __aeabi_dadd
                0x080002fc                __adddf3
                0x08000574                __floatunsidf
                0x08000574                __aeabi_ui2d
                0x08000594                __floatsidf
                0x08000594                __aeabi_i2d
                0x080005b8                __aeabi_f2d
                0x080005b8                __extendsfdf2
                0x080005fc                __floatundidf
                0x080005fc                __aeabi_ul2d
                0x0800060c                __floatdidf
                0x0800060c                __aeabi_l2d
 .text          0x08000668       0x30 C:/ST/STM32CubeIDE_2.0.0/STM32CubeIDE/plugins/com.st.stm32cube.ide.mcu.externaltools.gnu-tools-for-stm32.13.3.rel1.win32_1.0.100.202509120712/tools/bin/../lib/gcc/arm-none-eabi/13.3.1/thumb/v7e-m+fp/hard\libgcc.a(_aeabi_uldivmod.o)
                0x08000668                __aeabi_uldivmod
 .text          0x08000698      0x2f8 C:/ST/STM32CubeIDE_2.0.0/STM32CubeIDE/plugins/com.st.stm32cube.ide.mcu.externaltools.gnu-tools-for-stm32.13.3.rel1.win32_1.0.100.202509120712/tools/bin/../lib/gcc/arm-none-eabi/13.3.1/thumb/v7e-m+fp/hard\libgcc.a(_udivmoddi4.o)
                0x08000698                __udivmoddi4
 .text          0x08000990        0x4 C:/ST/STM32CubeIDE_2.0.0/STM32CubeIDE/plugins/com.st.stm32cube.ide.mcu.externaltools.gnu-tools-for-stm32.13.3.rel1.win32_1.0.100.202509120712/tools/bin/../lib/gcc/arm-none-eabi/13.3.1/thumb/v7e-m+fp/hard\libgcc.a(_dvmd_tls.o)
                0x08000990                __aeabi_idiv0
                0x08000990                __aeabi_ldiv0
 *(.text*)
 .text.MX_ADC1_Init
                0x08000994       0xf4 ./Core/Src/adc.o
                0x08000994                MX_ADC1_Init
 .text.HAL_ADC_MspInit
                0x08000a88      0x104 ./Core/Src/adc.o
                0x08000a88                HAL_ADC_MspInit
 .text.CMD_Parser_Init
                0x08000b8c        0xe ./Core/Src/cmd_parser.o
                0x08000b8c                CMD_Parser_Init
 *fill*         0x08000b9a        0x2 
 .text.CMD_Parser_ProcessLine
                0x08000b9c      0x200 ./Core/Src/cmd_parser.o
                0x08000b9c                CMD_Parser_ProcessLine
 .text.CMD_Parser_SetResponse
                0x08000d9c       0x2c ./Core/Src/cmd_parser.o
 .text.CMD_Parser_TrimLine
                0x08000dc8       0x4e ./Core/Src/cmd_parser.o
 *fill*         0x08000e16        0x2 
 .text.MX_DAC1_Init
                0x08000e18       0x74 ./Core/Src/dac.o
                0x08000e18                MX_DAC1_Init
 .text.HAL_DAC_MspInit
                0x08000e8c       0x7c ./Core/Src/dac.o
                0x08000e8c                HAL_DAC_MspInit
 .text.MX_DMA_Init
                0x08000f08       0x54 ./Core/Src/dma.o
                0x08000f08                MX_DMA_Init
 .text.Events_Init
                0x08000f5c       0xe0 ./Core/Src/events_handler.o
                0x08000f5c                Events_Init
 .text.Events_Process
                0x0800103c       0x40 ./Core/Src/events_handler.o
                0x0800103c                Events_Process
 .text.Events_GPIO_EXTI_Callback
                0x0800107c       0x9c ./Core/Src/events_handler.o
                0x0800107c                Events_GPIO_EXTI_Callback
 .text.Events_ProcessButton
                0x08001118      0x118 ./Core/Src/events_handler.o
 .text.Events_ProcessMic
                0x08001230       0x90 ./Core/Src/events_handler.o
 .text.Events_ButtonIsPressed
                0x080012c0       0x24 ./Core/Src/events_handler.o
 .text.Events_GPIO_Init
                0x080012e4       0xb0 ./Core/Src/events_handler.o
 .text.Events_RegisterButtonClick
                0x08001394       0x68 ./Core/Src/events_handler.o
 .text.Events_MicQueuePop
                0x080013fc       0x90 ./Core/Src/events_handler.o
 .text.Flash_SetDefaults
                0x0800148c       0x4a ./Core/Src/flash_manager.o
                0x0800148c                Flash_SetDefaults
 *fill*         0x080014d6        0x2 
 .text.Flash_LoadConfig
                0x080014d8       0x5c ./Core/Src/flash_manager.o
                0x080014d8                Flash_LoadConfig
 .text.Flash_SaveConfig
                0x08001534      0x130 ./Core/Src/flash_manager.o
                0x08001534                Flash_SaveConfig
 .text.Flash_CalculateRecordCrc
                0x08001664       0x48 ./Core/Src/flash_manager.o
 .text.Flash_CalculateCrc
                0x080016ac       0x4c ./Core/Src/flash_manager.o
 .text.Flash_RecordIsBlank
                0x080016f8       0x3c ./Core/Src/flash_manager.o
 .text.Flash_RecordIsValid
                0x08001734       0x40 ./Core/Src/flash_manager.o
 .text.Flash_BuildRecord
                0x08001774       0x58 ./Core/Src/flash_manager.o
 .text.Flash_GetEraseParameters
                0x080017cc       0x7c ./Core/Src/flash_manager.o
 .text.Flash_VerifyRecord
                0x08001848       0x30 ./Core/Src/flash_manager.o
 .text.MX_GPIO_Init
                0x08001878       0xb4 ./Core/Src/gpio.o
                0x08001878                MX_GPIO_Init
 .text.MX_I2C1_Init
                0x0800192c       0x80 ./Core/Src/i2c.o
                0x0800192c                MX_I2C1_Init
 .text.HAL_I2C_MspInit
                0x080019ac       0xb4 ./Core/Src/i2c.o
                0x080019ac                HAL_I2C_MspInit
 .text.main     0x08001a60      0x2b4 ./Core/Src/main.o
                0x08001a60                main
 .text.SystemClock_Config
                0x08001d14       0x96 ./Core/Src/main.o
                0x08001d14                SystemClock_Config
 *fill*         0x08001daa        0x2 
 .text.App_ProcessAlarm
                0x08001dac       0xc0 ./Core/Src/main.o
 .text.App_ProcessEvents
                0x08001e6c      0x100 ./Core/Src/main.o
 .text.App_SendText
                0x08001f6c       0x34 ./Core/Src/main.o
 .text.App_SendReport
                0x08001fa0       0xb8 ./Core/Src/main.o
 .text.HAL_UART_RxCpltCallback
                0x08002058       0x40 ./Core/Src/main.o
                0x08002058                HAL_UART_RxCpltCallback
 .text.HAL_ADC_ConvHalfCpltCallback
                0x08002098       0x28 ./Core/Src/main.o
                0x08002098                HAL_ADC_ConvHalfCpltCallback
 .text.HAL_ADC_ConvCpltCallback
                0x080020c0       0x28 ./Core/Src/main.o
                0x080020c0                HAL_ADC_ConvCpltCallback
 .text.ProcessSamples
                0x080020e8       0x94 ./Core/Src/main.o
                0x080020e8                ProcessSamples
 .text.HAL_TIM_PeriodElapsedCallback
                0x0800217c       0xa0 ./Core/Src/main.o
                0x0800217c                HAL_TIM_PeriodElapsedCallback
 .text.HAL_GPIO_EXTI_Callback
                0x0800221c       0x80 ./Core/Src/main.o
                0x0800221c                HAL_GPIO_EXTI_Callback
 .text.Error_Handler
                0x0800229c        0xc ./Core/Src/main.o
                0x0800229c                Error_Handler
 .text.MPU6050_Init
                0x080022a8       0xb8 ./Core/Src/mpu6050.o
                0x080022a8                MPU6050_Init
 .text.MPU6050_ReadAccelRaw
                0x08002360       0x88 ./Core/Src/mpu6050.o
                0x08002360                MPU6050_ReadAccelRaw
 .text.MPU6050_ComputeAngles
                0x080023e8      0x140 ./Core/Src/mpu6050.o
                0x080023e8                MPU6050_ComputeAngles
 .text.MPU6050_Update
                0x08002528       0x46 ./Core/Src/mpu6050.o
                0x08002528                MPU6050_Update
 *fill*         0x0800256e        0x2 
 .text.MPU6050_Kalman1D_Update
                0x08002570       0xbc ./Core/Src/mpu6050.o
 .text.RB_Init  0x0800262c       0x34 ./Core/Src/ring_buffer.o
                0x0800262c                RB_Init
 .text.RB_Write
                0x08002660       0x94 ./Core/Src/ring_buffer.o
                0x08002660                RB_Write
 .text.RB_Read  0x080026f4       0x9a ./Core/Src/ring_buffer.o
                0x080026f4                RB_Read
 *fill*         0x0800278e        0x2 
 .text.HAL_MspInit
                0x08002790       0x48 ./Core/Src/stm32g4xx_hal_msp.o
                0x08002790                HAL_MspInit
 .text.NMI_Handler
                0x080027d8        0x8 ./Core/Src/stm32g4xx_it.o
                0x080027d8                NMI_Handler
 .text.HardFault_Handler
                0x080027e0        0x8 ./Core/Src/stm32g4xx_it.o
                0x080027e0                HardFault_Handler
 .text.MemManage_Handler
                0x080027e8        0x8 ./Core/Src/stm32g4xx_it.o
                0x080027e8                MemManage_Handler
 .text.BusFault_Handler
                0x080027f0        0x8 ./Core/Src/stm32g4xx_it.o
                0x080027f0                BusFault_Handler
 .text.UsageFault_Handler
                0x080027f8        0x8 ./Core/Src/stm32g4xx_it.o
                0x080027f8                UsageFault_Handler
 .text.SVC_Handler
                0x08002800        0xe ./Core/Src/stm32g4xx_it.o
                0x08002800                SVC_Handler
 .text.DebugMon_Handler
                0x0800280e        0xe ./Core/Src/stm32g4xx_it.o
                0x0800280e                DebugMon_Handler
 .text.PendSV_Handler
                0x0800281c        0xe ./Core/Src/stm32g4xx_it.o
                0x0800281c                PendSV_Handler
 .text.SysTick_Handler
                0x0800282a        0xc ./Core/Src/stm32g4xx_it.o
                0x0800282a                SysTick_Handler
 *fill*         0x08002836        0x2 
 .text.DMA1_Channel1_IRQHandler
                0x08002838       0x14 ./Core/Src/stm32g4xx_it.o
                0x08002838                DMA1_Channel1_IRQHandler
 .text.USART2_IRQHandler
                0x0800284c       0x14 ./Core/Src/stm32g4xx_it.o
                0x0800284c                USART2_IRQHandler
 .text.EXTI15_10_IRQHandler
                0x08002860       0x10 ./Core/Src/stm32g4xx_it.o
                0x08002860                EXTI15_10_IRQHandler
 .text.TIM7_IRQHandler
                0x08002870       0x14 ./Core/Src/stm32g4xx_it.o
                0x08002870                TIM7_IRQHandler
 .text.EXTI0_IRQHandler
                0x08002884        0xe ./Core/Src/stm32g4xx_it.o
                0x08002884                EXTI0_IRQHandler
 *fill*         0x08002892        0x2 
 .text._sbrk    0x08002894       0x6c ./Core/Src/sysmem.o
                0x08002894                _sbrk
 .text.SystemInit
                0x08002900       0x24 ./Core/Src/system_stm32g4xx.o
                0x08002900                SystemInit
 .text.MX_TIM3_Init
                0x08002924       0xb8 ./Core/Src/tim.o
                0x08002924                MX_TIM3_Init
 .text.MX_TIM6_Init
                0x080029dc       0x6c ./Core/Src/tim.o
                0x080029dc                MX_TIM6_Init
 .text.MX_TIM7_Init
                0x08002a48       0x6c ./Core/Src/tim.o
                0x08002a48                MX_TIM7_Init
 .text.HAL_TIM_PWM_MspInit
                0x08002ab4       0x40 ./Core/Src/tim.o
                0x08002ab4                HAL_TIM_PWM_MspInit
 .text.HAL_TIM_Base_MspInit
                0x08002af4       0x74 ./Core/Src/tim.o
                0x08002af4                HAL_TIM_Base_MspInit
 .text.HAL_TIM_MspPostInit
                0x08002b68       0x6c ./Core/Src/tim.o
                0x08002b68                HAL_TIM_MspPostInit
 .text.MX_USART2_UART_Init
                0x08002bd4       0x98 ./Core/Src/usart.o
                0x08002bd4                MX_USART2_UART_Init
 .text.HAL_UART_MspInit
                0x08002c6c       0xc0 ./Core/Src/usart.o
                0x08002c6c                HAL_UART_MspInit
 .text.Reset_Handler
                0x08002d2c       0x50 ./Core/Startup/startup_stm32g491retx.o
                0x08002d2c                Reset_Handler
 .text.Default_Handler
                0x08002d7c        0x2 ./Core/Startup/startup_stm32g491retx.o
                0x08002d7c                RTC_Alarm_IRQHandler
                0x08002d7c                EXTI2_IRQHandler
                0x08002d7c                TIM8_TRG_COM_IRQHandler
                0x08002d7c                TIM8_CC_IRQHandler
                0x08002d7c                TIM1_CC_IRQHandler
                0x08002d7c                USB_HP_IRQHandler
                0x08002d7c                CORDIC_IRQHandler
                0x08002d7c                DMA2_Channel8_IRQHandler
                0x08002d7c                EXTI3_IRQHandler
                0x08002d7c                I2C3_ER_IRQHandler
                0x08002d7c                I2C2_EV_IRQHandler
                0x08002d7c                FPU_IRQHandler
                0x08002d7c                FDCAN1_IT1_IRQHandler
                0x08002d7c                TIM1_UP_TIM16_IRQHandler
                0x08002d7c                ADC1_2_IRQHandler
                0x08002d7c                SPI1_IRQHandler
                0x08002d7c                TIM6_DAC_IRQHandler
                0x08002d7c                TIM8_UP_IRQHandler
                0x08002d7c                DMA2_Channel2_IRQHandler
                0x08002d7c                DMA1_Channel4_IRQHandler
                0x08002d7c                TIM20_TRG_COM_IRQHandler
                0x08002d7c                USART3_IRQHandler
                0x08002d7c                DMA1_Channel7_IRQHandler
                0x08002d7c                UART5_IRQHandler
                0x08002d7c                ADC3_IRQHandler
                0x08002d7c                TIM4_IRQHandler
                0x08002d7c                DMA2_Channel1_IRQHandler
                0x08002d7c                QUADSPI_IRQHandler
                0x08002d7c                I2C1_EV_IRQHandler
                0x08002d7c                DMA1_Channel6_IRQHandler
                0x08002d7c                UART4_IRQHandler
                0x08002d7c                DMA2_Channel4_IRQHandler
                0x08002d7c                TIM3_IRQHandler
                0x08002d7c                RCC_IRQHandler
                0x08002d7c                TIM20_UP_IRQHandler
                0x08002d7c                Default_Handler
                0x08002d7c                DMA2_Channel7_IRQHandler
                0x08002d7c                RTC_TAMP_LSECSS_IRQHandler
                0x08002d7c                FMAC_IRQHandler
                0x08002d7c                DMA1_Channel8_IRQHandler
                0x08002d7c                UCPD1_IRQHandler
                0x08002d7c                I2C3_EV_IRQHandler
                0x08002d7c                EXTI9_5_IRQHandler
                0x08002d7c                RTC_WKUP_IRQHandler
                0x08002d7c                PVD_PVM_IRQHandler
                0x08002d7c                SPI2_IRQHandler
                0x08002d7c                DMA2_Channel5_IRQHandler
                0x08002d7c                CRS_IRQHandler
                0x08002d7c                DMA1_Channel5_IRQHandler
                0x08002d7c                USB_LP_IRQHandler
                0x08002d7c                EXTI4_IRQHandler
                0x08002d7c                RNG_IRQHandler
                0x08002d7c                TIM1_TRG_COM_TIM17_IRQHandler
                0x08002d7c                FDCAN2_IT1_IRQHandler
                0x08002d7c                DMA1_Channel3_IRQHandler
                0x08002d7c                WWDG_IRQHandler
                0x08002d7c                FDCAN2_IT0_IRQHandler
                0x08002d7c                LPUART1_IRQHandler
                0x08002d7c                DMA2_Channel6_IRQHandler
                0x08002d7c                FDCAN1_IT0_IRQHandler
                0x08002d7c                TIM2_IRQHandler
                0x08002d7c                COMP1_2_3_IRQHandler
                0x08002d7c                EXTI1_IRQHandler
                0x08002d7c                TIM20_BRK_IRQHandler
                0x08002d7c                I2C2_ER_IRQHandler
                0x08002d7c                DMA1_Channel2_IRQHandler
                0x08002d7c                TIM8_BRK_IRQHandler
                0x08002d7c                FLASH_IRQHandler
                0x08002d7c                TIM20_CC_IRQHandler
                0x08002d7c                USART1_IRQHandler
                0x08002d7c                SPI3_IRQHandler
                0x08002d7c                I2C1_ER_IRQHandler
                0x08002d7c                LPTIM1_IRQHandler
                0x08002d7c                DMAMUX_OVR_IRQHandler
                0x08002d7c                USBWakeUp_IRQHandler
                0x08002d7c                SAI1_IRQHandler
                0x08002d7c                DMA2_Channel3_IRQHandler
                0x08002d7c                COMP4_IRQHandler
                0x08002d7c                TIM1_BRK_TIM15_IRQHandler
 .text.HAL_Init
                0x08002d7e       0x30 ./Drivers/STM32G4xx_HAL_Driver/Src/stm32g4xx_hal.o
                0x08002d7e                HAL_Init
 *fill*         0x08002dae        0x2 
 .text.HAL_InitTick
                0x08002db0       0x74 ./Drivers/STM32G4xx_HAL_Driver/Src/stm32g4xx_hal.o
                0x08002db0                HAL_InitTick
 .text.HAL_IncTick
                0x08002e24       0x24 ./Drivers/STM32G4xx_HAL_Driver/Src/stm32g4xx_hal.o
                0x08002e24                HAL_IncTick
 .text.HAL_GetTick
                0x08002e48       0x18 ./Drivers/STM32G4xx_HAL_Driver/Src/stm32g4xx_hal.o
                0x08002e48                HAL_GetTick
 .text.HAL_Delay
                0x08002e60       0x44 ./Drivers/STM32G4xx_HAL_Driver/Src/stm32g4xx_hal.o
                0x08002e60                HAL_Delay
 .text.LL_ADC_SetCommonClock
                0x08002ea4       0x26 ./Drivers/STM32G4xx_HAL_Driver/Src/stm32g4xx_hal_adc.o
 .text.LL_ADC_SetCommonPathInternalCh
                0x08002eca       0x26 ./Drivers/STM32G4xx_HAL_Driver/Src/stm32g4xx_hal_adc.o
 .text.LL_ADC_GetCommonPathInternalCh
                0x08002ef0       0x1c ./Drivers/STM32G4xx_HAL_Driver/Src/stm32g4xx_hal_adc.o
 .text.LL_ADC_SetOffset
                0x08002f0c       0x48 ./Drivers/STM32G4xx_HAL_Driver/Src/stm32g4xx_hal_adc.o
 .text.LL_ADC_GetOffsetChannel
                0x08002f54       0x2c ./Drivers/STM32G4xx_HAL_Driver/Src/stm32g4xx_hal_adc.o
 .text.LL_ADC_SetOffsetState
                0x08002f80       0x36 ./Drivers/STM32G4xx_HAL_Driver/Src/stm32g4xx_hal_adc.o
 .text.LL_ADC_SetOffsetSign
                0x08002fb6       0x36 ./Drivers/STM32G4xx_HAL_Driver/Src/stm32g4xx_hal_adc.o
 .text.LL_ADC_SetOffsetSaturation
                0x08002fec       0x36 ./Drivers/STM32G4xx_HAL_Driver/Src/stm32g4xx_hal_adc.o
 .text.LL_ADC_SetSamplingTimeCommonConfig
                0x08003022       0x26 ./Drivers/STM32G4xx_HAL_Driver/Src/stm32g4xx_hal_adc.o
 .text.LL_ADC_REG_IsTriggerSourceSWStart
                0x08003048       0x26 ./Drivers/STM32G4xx_HAL_Driver/Src/stm32g4xx_hal_adc.o
 .text.LL_ADC_REG_SetSequencerRanks
                0x0800306e       0x58 ./Drivers/STM32G4xx_HAL_Driver/Src/stm32g4xx_hal_adc.o
 .text.LL_ADC_SetChannelSamplingTime
                0x080030c6       0x56 ./Drivers/STM32G4xx_HAL_Driver/Src/stm32g4xx_hal_adc.o
 .text.LL_ADC_SetChannelSingleDiff
                0x0800311c       0x48 ./Drivers/STM32G4xx_HAL_Driver/Src/stm32g4xx_hal_adc.o
 .text.LL_ADC_GetMultimode
                0x08003164       0x1c ./Drivers/STM32G4xx_HAL_Driver/Src/stm32g4xx_hal_adc.o
 .text.LL_ADC_DisableDeepPowerDown
                0x08003180       0x24 ./Drivers/STM32G4xx_HAL_Driver/Src/stm32g4xx_hal_adc.o
 .text.LL_ADC_IsDeepPowerDownEnabled
                0x080031a4       0x28 ./Drivers/STM32G4xx_HAL_Driver/Src/stm32g4xx_hal_adc.o
 .text.LL_ADC_EnableInternalRegulator
                0x080031cc       0x28 ./Drivers/STM32G4xx_HAL_Driver/Src/stm32g4xx_hal_adc.o
 .text.LL_ADC_IsInternalRegulatorEnabled
                0x080031f4       0x28 ./Drivers/STM32G4xx_HAL_Driver/Src/stm32g4xx_hal_adc.o
 .text.LL_ADC_Enable
                0x0800321c       0x28 ./Drivers/STM32G4xx_HAL_Driver/Src/stm32g4xx_hal_adc.o
 .text.LL_ADC_Disable
                0x08003244       0x28 ./Drivers/STM32G4xx_HAL_Driver/Src/stm32g4xx_hal_adc.o
 .text.LL_ADC_IsEnabled
                0x0800326c       0x26 ./Drivers/STM32G4xx_HAL_Driver/Src/stm32g4xx_hal_adc.o
 .text.LL_ADC_IsDisableOngoing
                0x08003292       0x26 ./Drivers/STM32G4xx_HAL_Driver/Src/stm32g4xx_hal_adc.o
 .text.LL_ADC_REG_StartConversion
                0x080032b8       0x28 ./Drivers/STM32G4xx_HAL_Driver/Src/stm32g4xx_hal_adc.o
 .text.LL_ADC_REG_IsConversionOngoing
                0x080032e0       0x26 ./Drivers/STM32G4xx_HAL_Driver/Src/stm32g4xx_hal_adc.o
 .text.LL_ADC_INJ_IsConversionOngoing
                0x08003306       0x26 ./Drivers/STM32G4xx_HAL_Driver/Src/stm32g4xx_hal_adc.o
 .text.HAL_ADC_Init
                0x0800332c      0x35c ./Drivers/STM32G4xx_HAL_Driver/Src/stm32g4xx_hal_adc.o
                0x0800332c                HAL_ADC_Init
 .text.HAL_ADC_Start_DMA
                0x08003688      0x194 ./Drivers/STM32G4xx_HAL_Driver/Src/stm32g4xx_hal_adc.o
                0x08003688                HAL_ADC_Start_DMA
 .text.HAL_ADC_ErrorCallback
                0x0800381c       0x14 ./Drivers/STM32G4xx_HAL_Driver/Src/stm32g4xx_hal_adc.o
                0x0800381c                HAL_ADC_ErrorCallback
 .text.HAL_ADC_ConfigChannel
                0x08003830      0x858 ./Drivers/STM32G4xx_HAL_Driver/Src/stm32g4xx_hal_adc.o
                0x08003830                HAL_ADC_ConfigChannel
 .text.ADC_Enable
                0x08004088      0x12c ./Drivers/STM32G4xx_HAL_Driver/Src/stm32g4xx_hal_adc.o
                0x08004088                ADC_Enable
 .text.ADC_Disable
                0x080041b4       0xbe ./Drivers/STM32G4xx_HAL_Driver/Src/stm32g4xx_hal_adc.o
                0x080041b4                ADC_Disable
 .text.ADC_DMAConvCplt
                0x08004272       0xd8 ./Drivers/STM32G4xx_HAL_Driver/Src/stm32g4xx_hal_adc.o
                0x08004272                ADC_DMAConvCplt
 .text.ADC_DMAHalfConvCplt
                0x0800434a       0x1c ./Drivers/STM32G4xx_HAL_Driver/Src/stm32g4xx_hal_adc.o
                0x0800434a                ADC_DMAHalfConvCplt
 .text.ADC_DMAError
                0x08004366       0x34 ./Drivers/STM32G4xx_HAL_Driver/Src/stm32g4xx_hal_adc.o
                0x08004366                ADC_DMAError
 .text.LL_ADC_IsEnabled
                0x0800439a       0x26 ./Drivers/STM32G4xx_HAL_Driver/Src/stm32g4xx_hal_adc_ex.o
 .text.LL_ADC_StartCalibration
                0x080043c0       0x32 ./Drivers/STM32G4xx_HAL_Driver/Src/stm32g4xx_hal_adc_ex.o
 .text.LL_ADC_IsCalibrationOnGoing
                0x080043f2       0x28 ./Drivers/STM32G4xx_HAL_Driver/Src/stm32g4xx_hal_adc_ex.o
 .text.LL_ADC_REG_IsConversionOngoing
                0x0800441a       0x26 ./Drivers/STM32G4xx_HAL_Driver/Src/stm32g4xx_hal_adc_ex.o
 .text.HAL_ADCEx_Calibration_Start
                0x08004440       0xc4 ./Drivers/STM32G4xx_HAL_Driver/Src/stm32g4xx_hal_adc_ex.o
                0x08004440                HAL_ADCEx_Calibration_Start
 .text.HAL_ADCEx_MultiModeConfigChannel
                0x08004504      0x1d0 ./Drivers/STM32G4xx_HAL_Driver/Src/stm32g4xx_hal_adc_ex.o
                0x08004504                HAL_ADCEx_MultiModeConfigChannel
 .text.__NVIC_SetPriorityGrouping
                0x080046d4       0x48 ./Drivers/STM32G4xx_HAL_Driver/Src/stm32g4xx_hal_cortex.o
 .text.__NVIC_GetPriorityGrouping
                0x0800471c       0x1c ./Drivers/STM32G4xx_HAL_Driver/Src/stm32g4xx_hal_cortex.o
 .text.__NVIC_EnableIRQ
                0x08004738       0x3c ./Drivers/STM32G4xx_HAL_Driver/Src/stm32g4xx_hal_cortex.o
 .text.__NVIC_SetPriority
                0x08004774       0x54 ./Drivers/STM32G4xx_HAL_Driver/Src/stm32g4xx_hal_cortex.o
 .text.NVIC_EncodePriority
                0x080047c8       0x66 ./Drivers/STM32G4xx_HAL_Driver/Src/stm32g4xx_hal_cortex.o
 *fill*         0x0800482e        0x2 
 .text.SysTick_Config
                0x08004830       0x44 ./Drivers/STM32G4xx_HAL_Driver/Src/stm32g4xx_hal_cortex.o
 .text.HAL_NVIC_SetPriorityGrouping
                0x08004874       0x16 ./Drivers/STM32G4xx_HAL_Driver/Src/stm32g4xx_hal_cortex.o
                0x08004874                HAL_NVIC_SetPriorityGrouping
 .text.HAL_NVIC_SetPriority
                0x0800488a       0x34 ./Drivers/STM32G4xx_HAL_Driver/Src/stm32g4xx_hal_cortex.o
                0x0800488a                HAL_NVIC_SetPriority
 .text.HAL_NVIC_EnableIRQ
                0x080048be       0x1c ./Drivers/STM32G4xx_HAL_Driver/Src/stm32g4xx_hal_cortex.o
                0x080048be                HAL_NVIC_EnableIRQ
 .text.HAL_SYSTICK_Config
                0x080048da       0x18 ./Drivers/STM32G4xx_HAL_Driver/Src/stm32g4xx_hal_cortex.o
                0x080048da                HAL_SYSTICK_Config
 .text.HAL_DAC_Init
                0x080048f2       0x44 ./Drivers/STM32G4xx_HAL_Driver/Src/stm32g4xx_hal_dac.o
                0x080048f2                HAL_DAC_Init
 *fill*         0x08004936        0x2 
 .text.HAL_DAC_Start
                0x08004938       0xd8 ./Drivers/STM32G4xx_HAL_Driver/Src/stm32g4xx_hal_dac.o
                0x08004938                HAL_DAC_Start
 .text.HAL_DAC_SetValue
                0x08004a10       0x5a ./Drivers/STM32G4xx_HAL_Driver/Src/stm32g4xx_hal_dac.o
                0x08004a10                HAL_DAC_SetValue
 *fill*         0x08004a6a        0x2 
 .text.HAL_DAC_ConfigChannel
                0x08004a6c      0x374 ./Drivers/STM32G4xx_HAL_Driver/Src/stm32g4xx_hal_dac.o
                0x08004a6c                HAL_DAC_ConfigChannel
 .text.HAL_DMA_Init
                0x08004de0      0x150 ./Drivers/STM32G4xx_HAL_Driver/Src/stm32g4xx_hal_dma.o
                0x08004de0                HAL_DMA_Init
 .text.HAL_DMA_Start_IT
                0x08004f30       0xf6 ./Drivers/STM32G4xx_HAL_Driver/Src/stm32g4xx_hal_dma.o
                0x08004f30                HAL_DMA_Start_IT
 .text.HAL_DMA_Abort
                0x08005026       0xbc ./Drivers/STM32G4xx_HAL_Driver/Src/stm32g4xx_hal_dma.o
                0x08005026                HAL_DMA_Abort
 .text.HAL_DMA_Abort_IT
                0x080050e2       0xce ./Drivers/STM32G4xx_HAL_Driver/Src/stm32g4xx_hal_dma.o
                0x080050e2                HAL_DMA_Abort_IT
 .text.HAL_DMA_IRQHandler
                0x080051b0      0x15e ./Drivers/STM32G4xx_HAL_Driver/Src/stm32g4xx_hal_dma.o
                0x080051b0                HAL_DMA_IRQHandler
 .text.DMA_SetConfig
                0x0800530e       0x7c ./Drivers/STM32G4xx_HAL_Driver/Src/stm32g4xx_hal_dma.o
 *fill*         0x0800538a        0x2 
 .text.DMA_CalcDMAMUXChannelBaseAndMask
                0x0800538c       0x90 ./Drivers/STM32G4xx_HAL_Driver/Src/stm32g4xx_hal_dma.o
 .text.DMA_CalcDMAMUXRequestGenBaseAndMask
                0x0800541c       0x4c ./Drivers/STM32G4xx_HAL_Driver/Src/stm32g4xx_hal_dma.o
 .text.HAL_FLASH_Program
                0x08005468       0xd8 ./Drivers/STM32G4xx_HAL_Driver/Src/stm32g4xx_hal_flash.o
                0x08005468                HAL_FLASH_Program
 .text.HAL_FLASH_Unlock
                0x08005540       0x44 ./Drivers/STM32G4xx_HAL_Driver/Src/stm32g4xx_hal_flash.o
                0x08005540                HAL_FLASH_Unlock
 .text.HAL_FLASH_Lock
                0x08005584       0x34 ./Drivers/STM32G4xx_HAL_Driver/Src/stm32g4xx_hal_flash.o
                0x08005584                HAL_FLASH_Lock
 .text.FLASH_WaitForLastOperation
                0x080055b8       0xa4 ./Drivers/STM32G4xx_HAL_Driver/Src/stm32g4xx_hal_flash.o
                0x080055b8                FLASH_WaitForLastOperation
 .text.FLASH_Program_DoubleWord
                0x0800565c       0x4c ./Drivers/STM32G4xx_HAL_Driver/Src/stm32g4xx_hal_flash.o
 .text.FLASH_Program_Fast
                0x080056a8       0x6c ./Drivers/STM32G4xx_HAL_Driver/Src/stm32g4xx_hal_flash.o
 .text.HAL_FLASHEx_Erase
                0x08005714      0x134 ./Drivers/STM32G4xx_HAL_Driver/Src/stm32g4xx_hal_flash_ex.o
                0x08005714                HAL_FLASHEx_Erase
 .text.FLASH_MassErase
                0x08005848       0x3c ./Drivers/STM32G4xx_HAL_Driver/Src/stm32g4xx_hal_flash_ex.o
 .text.FLASH_PageErase
                0x08005884       0x48 ./Drivers/STM32G4xx_HAL_Driver/Src/stm32g4xx_hal_flash_ex.o
                0x08005884                FLASH_PageErase
 .text.FLASH_FlushCaches
                0x080058cc       0x94 ./Drivers/STM32G4xx_HAL_Driver/Src/stm32g4xx_hal_flash_ex.o
                0x080058cc                FLASH_FlushCaches
 .text.HAL_GPIO_Init
                0x08005960      0x318 ./Drivers/STM32G4xx_HAL_Driver/Src/stm32g4xx_hal_gpio.o
                0x08005960                HAL_GPIO_Init
 .text.HAL_GPIO_ReadPin
                0x08005c78       0x30 ./Drivers/STM32G4xx_HAL_Driver/Src/stm32g4xx_hal_gpio.o
                0x08005c78                HAL_GPIO_ReadPin
 .text.HAL_GPIO_EXTI_IRQHandler
                0x08005ca8       0x30 ./Drivers/STM32G4xx_HAL_Driver/Src/stm32g4xx_hal_gpio.o
                0x08005ca8                HAL_GPIO_EXTI_IRQHandler
 .text.HAL_I2C_Init
                0x08005cd8      0x136 ./Drivers/STM32G4xx_HAL_Driver/Src/stm32g4xx_hal_i2c.o
                0x08005cd8                HAL_I2C_Init
 *fill*         0x08005e0e        0x2 
 .text.HAL_I2C_Mem_Write
                0x08005e10      0x228 ./Drivers/STM32G4xx_HAL_Driver/Src/stm32g4xx_hal_i2c.o
                0x08005e10                HAL_I2C_Mem_Write
 .text.HAL_I2C_Mem_Read
                0x08006038      0x234 ./Drivers/STM32G4xx_HAL_Driver/Src/stm32g4xx_hal_i2c.o
                0x08006038                HAL_I2C_Mem_Read
 .text.I2C_RequestMemoryWrite
                0x0800626c       0xa8 ./Drivers/STM32G4xx_HAL_Driver/Src/stm32g4xx_hal_i2c.o
 .text.I2C_RequestMemoryRead
                0x08006314       0xa8 ./Drivers/STM32G4xx_HAL_Driver/Src/stm32g4xx_hal_i2c.o
 .text.I2C_Flush_TXDR
                0x080063bc       0x48 ./Drivers/STM32G4xx_HAL_Driver/Src/stm32g4xx_hal_i2c.o
 .text.I2C_WaitOnFlagUntilTimeout
                0x08006404       0xb2 ./Drivers/STM32G4xx_HAL_Driver/Src/stm32g4xx_hal_i2c.o
 .text.I2C_WaitOnTXISFlagUntilTimeout
                0x080064b6       0x8e ./Drivers/STM32G4xx_HAL_Driver/Src/stm32g4xx_hal_i2c.o
 .text.I2C_WaitOnSTOPFlagUntilTimeout
                0x08006544       0x86 ./Drivers/STM32G4xx_HAL_Driver/Src/stm32g4xx_hal_i2c.o
 *fill*         0x080065ca        0x2 
 .text.I2C_IsErrorOccurred
                0x080065cc      0x1c0 ./Drivers/STM32G4xx_HAL_Driver/Src/stm32g4xx_hal_i2c.o
 .text.I2C_TransferConfig
                0x0800678c       0x64 ./Drivers/STM32G4xx_HAL_Driver/Src/stm32g4xx_hal_i2c.o
 .text.HAL_I2CEx_ConfigAnalogFilter
                0x080067f0       0x96 ./Drivers/STM32G4xx_HAL_Driver/Src/stm32g4xx_hal_i2c_ex.o
                0x080067f0                HAL_I2CEx_ConfigAnalogFilter
 .text.HAL_I2CEx_ConfigDigitalFilter
                0x08006886       0x98 ./Drivers/STM32G4xx_HAL_Driver/Src/stm32g4xx_hal_i2c_ex.o
                0x08006886                HAL_I2CEx_ConfigDigitalFilter
 *fill*         0x0800691e        0x2 
 .text.HAL_PWREx_ControlVoltageScaling
                0x08006920      0x148 ./Drivers/STM32G4xx_HAL_Driver/Src/stm32g4xx_hal_pwr_ex.o
                0x08006920                HAL_PWREx_ControlVoltageScaling
 .text.HAL_PWREx_DisableUCPDDeadBattery
                0x08006a68       0x20 ./Drivers/STM32G4xx_HAL_Driver/Src/stm32g4xx_hal_pwr_ex.o
                0x08006a68                HAL_PWREx_DisableUCPDDeadBattery
 .text.HAL_RCC_OscConfig
                0x08006a88      0x624 ./Drivers/STM32G4xx_HAL_Driver/Src/stm32g4xx_hal_rcc.o
                0x08006a88                HAL_RCC_OscConfig
 .text.HAL_RCC_ClockConfig
                0x080070ac      0x278 ./Drivers/STM32G4xx_HAL_Driver/Src/stm32g4xx_hal_rcc.o
                0x080070ac                HAL_RCC_ClockConfig
 .text.HAL_RCC_GetSysClockFreq
                0x08007324       0xc4 ./Drivers/STM32G4xx_HAL_Driver/Src/stm32g4xx_hal_rcc.o
                0x08007324                HAL_RCC_GetSysClockFreq
 .text.HAL_RCC_GetHCLKFreq
                0x080073e8       0x18 ./Drivers/STM32G4xx_HAL_Driver/Src/stm32g4xx_hal_rcc.o
                0x080073e8                HAL_RCC_GetHCLKFreq
 .text.HAL_RCC_GetPCLK1Freq
                0x08007400       0x2c ./Drivers/STM32G4xx_HAL_Driver/Src/stm32g4xx_hal_rcc.o
                0x08007400                HAL_RCC_GetPCLK1Freq
 .text.HAL_RCC_GetPCLK2Freq
                0x0800742c       0x2c ./Drivers/STM32G4xx_HAL_Driver/Src/stm32g4xx_hal_rcc.o
                0x0800742c                HAL_RCC_GetPCLK2Freq
 .text.RCC_GetSysClockFreqFromPLLSource
                0x08007458       0x8c ./Drivers/STM32G4xx_HAL_Driver/Src/stm32g4xx_hal_rcc.o
 .text.HAL_RCCEx_PeriphCLKConfig
                0x080074e4      0x478 ./Drivers/STM32G4xx_HAL_Driver/Src/stm32g4xx_hal_rcc_ex.o
                0x080074e4                HAL_RCCEx_PeriphCLKConfig
 .text.HAL_TIM_Base_Init
                0x0800795c       0xae ./Drivers/STM32G4xx_HAL_Driver/Src/stm32g4xx_hal_tim.o
                0x0800795c                HAL_TIM_Base_Init
 *fill*         0x08007a0a        0x2 
 .text.HAL_TIM_Base_Start
                0x08007a0c       0xd0 ./Drivers/STM32G4xx_HAL_Driver/Src/stm32g4xx_hal_tim.o
                0x08007a0c                HAL_TIM_Base_Start
 .text.HAL_TIM_Base_Start_IT
                0x08007adc       0xe0 ./Drivers/STM32G4xx_HAL_Driver/Src/stm32g4xx_hal_tim.o
                0x08007adc                HAL_TIM_Base_Start_IT
 .text.HAL_TIM_PWM_Init
                0x08007bbc       0xae ./Drivers/STM32G4xx_HAL_Driver/Src/stm32g4xx_hal_tim.o
                0x08007bbc                HAL_TIM_PWM_Init
 *fill*         0x08007c6a        0x2 
 .text.HAL_TIM_PWM_Start
                0x08007c6c      0x218 ./Drivers/STM32G4xx_HAL_Driver/Src/stm32g4xx_hal_tim.o
                0x08007c6c                HAL_TIM_PWM_Start
 .text.HAL_TIM_PWM_Stop
                0x08007e84      0x13c ./Drivers/STM32G4xx_HAL_Driver/Src/stm32g4xx_hal_tim.o
                0x08007e84                HAL_TIM_PWM_Stop
 .text.HAL_TIM_IRQHandler
                0x08007fc0      0x29e ./Drivers/STM32G4xx_HAL_Driver/Src/stm32g4xx_hal_tim.o
                0x08007fc0                HAL_TIM_IRQHandler
 *fill*         0x0800825e        0x2 
 .text.HAL_TIM_PWM_ConfigChannel
                0x08008260      0x228 ./Drivers/STM32G4xx_HAL_Driver/Src/stm32g4xx_hal_tim.o
                0x08008260                HAL_TIM_PWM_ConfigChannel
 .text.HAL_TIM_OC_DelayElapsedCallback
                0x08008488       0x14 ./Drivers/STM32G4xx_HAL_Driver/Src/stm32g4xx_hal_tim.o
                0x08008488                HAL_TIM_OC_DelayElapsedCallback
 .text.HAL_TIM_IC_CaptureCallback
                0x0800849c       0x14 ./Drivers/STM32G4xx_HAL_Driver/Src/stm32g4xx_hal_tim.o
                0x0800849c                HAL_TIM_IC_CaptureCallback
 .text.HAL_TIM_PWM_PulseFinishedCallback
                0x080084b0       0x14 ./Drivers/STM32G4xx_HAL_Driver/Src/stm32g4xx_hal_tim.o
                0x080084b0                HAL_TIM_PWM_PulseFinishedCallback
 .text.HAL_TIM_TriggerCallback
                0x080084c4       0x14 ./Drivers/STM32G4xx_HAL_Driver/Src/stm32g4xx_hal_tim.o
                0x080084c4                HAL_TIM_TriggerCallback
 .text.TIM_Base_SetConfig
                0x080084d8      0x148 ./Drivers/STM32G4xx_HAL_Driver/Src/stm32g4xx_hal_tim.o
                0x080084d8                TIM_Base_SetConfig
 .text.TIM_OC1_SetConfig
                0x08008620      0x138 ./Drivers/STM32G4xx_HAL_Driver/Src/stm32g4xx_hal_tim.o
 .text.TIM_OC2_SetConfig
                0x08008758      0x12c ./Drivers/STM32G4xx_HAL_Driver/Src/stm32g4xx_hal_tim.o
                0x08008758                TIM_OC2_SetConfig
 .text.TIM_OC3_SetConfig
                0x08008884      0x128 ./Drivers/STM32G4xx_HAL_Driver/Src/stm32g4xx_hal_tim.o
 .text.TIM_OC4_SetConfig
                0x080089ac      0x12c ./Drivers/STM32G4xx_HAL_Driver/Src/stm32g4xx_hal_tim.o
 .text.TIM_OC5_SetConfig
                0x08008ad8       0xd4 ./Drivers/STM32G4xx_HAL_Driver/Src/stm32g4xx_hal_tim.o
 .text.TIM_OC6_SetConfig
                0x08008bac       0xd8 ./Drivers/STM32G4xx_HAL_Driver/Src/stm32g4xx_hal_tim.o
 .text.TIM_CCxChannelCmd
                0x08008c84       0x4a ./Drivers/STM32G4xx_HAL_Driver/Src/stm32g4xx_hal_tim.o
                0x08008c84                TIM_CCxChannelCmd
 *fill*         0x08008cce        0x2 
 .text.HAL_TIMEx_MasterConfigSynchronization
                0x08008cd0      0x11c ./Drivers/STM32G4xx_HAL_Driver/Src/stm32g4xx_hal_tim_ex.o
                0x08008cd0                HAL_TIMEx_MasterConfigSynchronization
 .text.HAL_TIMEx_CommutCallback
                0x08008dec       0x14 ./Drivers/STM32G4xx_HAL_Driver/Src/stm32g4xx_hal_tim_ex.o
                0x08008dec                HAL_TIMEx_CommutCallback
 .text.HAL_TIMEx_BreakCallback
                0x08008e00       0x14 ./Drivers/STM32G4xx_HAL_Driver/Src/stm32g4xx_hal_tim_ex.o
                0x08008e00                HAL_TIMEx_BreakCallback
 .text.HAL_TIMEx_Break2Callback
                0x08008e14       0x14 ./Drivers/STM32G4xx_HAL_Driver/Src/stm32g4xx_hal_tim_ex.o
                0x08008e14                HAL_TIMEx_Break2Callback
 .text.HAL_TIMEx_EncoderIndexCallback
                0x08008e28       0x14 ./Drivers/STM32G4xx_HAL_Driver/Src/stm32g4xx_hal_tim_ex.o
                0x08008e28                HAL_TIMEx_EncoderIndexCallback
 .text.HAL_TIMEx_DirectionChangeCallback
                0x08008e3c       0x14 ./Drivers/STM32G4xx_HAL_Driver/Src/stm32g4xx_hal_tim_ex.o
                0x08008e3c                HAL_TIMEx_DirectionChangeCallback
 .text.HAL_TIMEx_IndexErrorCallback
                0x08008e50       0x14 ./Drivers/STM32G4xx_HAL_Driver/Src/stm32g4xx_hal_tim_ex.o
                0x08008e50                HAL_TIMEx_IndexErrorCallback
 .text.HAL_TIMEx_TransitionErrorCallback
                0x08008e64       0x14 ./Drivers/STM32G4xx_HAL_Driver/Src/stm32g4xx_hal_tim_ex.o
                0x08008e64                HAL_TIMEx_TransitionErrorCallback
 .text.HAL_UART_Init
                0x08008e78       0xa0 ./Drivers/STM32G4xx_HAL_Driver/Src/stm32g4xx_hal_uart.o
                0x08008e78                HAL_UART_Init
 .text.HAL_UART_Transmit
                0x08008f18      0x132 ./Drivers/STM32G4xx_HAL_Driver/Src/stm32g4xx_hal_uart.o
                0x08008f18                HAL_UART_Transmit
 *fill*         0x0800904a        0x2 
 .text.HAL_UART_Receive_IT
                0x0800904c       0x98 ./Drivers/STM32G4xx_HAL_Driver/Src/stm32g4xx_hal_uart.o
                0x0800904c                HAL_UART_Receive_IT
 .text.HAL_UART_IRQHandler
                0x080090e4      0x684 ./Drivers/STM32G4xx_HAL_Driver/Src/stm32g4xx_hal_uart.o
                0x080090e4                HAL_UART_IRQHandler
 .text.HAL_UART_TxCpltCallback
                0x08009768       0x14 ./Drivers/STM32G4xx_HAL_Driver/Src/stm32g4xx_hal_uart.o
                0x08009768                HAL_UART_TxCpltCallback
 .text.HAL_UART_ErrorCallback
                0x0800977c       0x14 ./Drivers/STM32G4xx_HAL_Driver/Src/stm32g4xx_hal_uart.o
                0x0800977c                HAL_UART_ErrorCallback
 .text.HAL_UARTEx_RxEventCallback
                0x08009790       0x18 ./Drivers/STM32G4xx_HAL_Driver/Src/stm32g4xx_hal_uart.o
                0x08009790                HAL_UARTEx_RxEventCallback
 .text.UART_SetConfig
                0x080097a8      0x5f8 ./Drivers/STM32G4xx_HAL_Driver/Src/stm32g4xx_hal_uart.o
                0x080097a8                UART_SetConfig
 .text.UART_AdvFeatureConfig
                0x08009da0      0x144 ./Drivers/STM32G4xx_HAL_Driver/Src/stm32g4xx_hal_uart.o
                0x08009da0                UART_AdvFeatureConfig
 .text.UART_CheckIdleState
                0x08009ee4      0x154 ./Drivers/STM32G4xx_HAL_Driver/Src/stm32g4xx_hal_uart.o
                0x08009ee4                UART_CheckIdleState
 .text.UART_WaitOnFlagUntilTimeout
                0x0800a038       0xda ./Drivers/STM32G4xx_HAL_Driver/Src/stm32g4xx_hal_uart.o
                0x0800a038                UART_WaitOnFlagUntilTimeout
 *fill*         0x0800a112        0x2 
 .text.UART_Start_Receive_IT
                0x0800a114      0x244 ./Drivers/STM32G4xx_HAL_Driver/Src/stm32g4xx_hal_uart.o
                0x0800a114                UART_Start_Receive_IT
 .text.UART_EndRxTransfer
                0x0800a358       0xcc ./Drivers/STM32G4xx_HAL_Driver/Src/stm32g4xx_hal_uart.o
 .text.UART_DMAAbortOnError
                0x0800a424       0x1c ./Drivers/STM32G4xx_HAL_Driver/Src/stm32g4xx_hal_uart.o
 .text.UART_EndTransmit_IT
                0x0800a440       0x56 ./Drivers/STM32G4xx_HAL_Driver/Src/stm32g4xx_hal_uart.o
 *fill*         0x0800a496        0x2 
 .text.UART_RxISR_8BIT
                0x0800a498      0x1b8 ./Drivers/STM32G4xx_HAL_Driver/Src/stm32g4xx_hal_uart.o
 .text.UART_RxISR_16BIT
                0x0800a650      0x1b8 ./Drivers/STM32G4xx_HAL_Driver/Src/stm32g4xx_hal_uart.o
 .text.UART_RxISR_8BIT_FIFOEN
                0x0800a808      0x364 ./Drivers/STM32G4xx_HAL_Driver/Src/stm32g4xx_hal_uart.o
 .text.UART_RxISR_16BIT_FIFOEN
                0x0800ab6c      0x36c ./Drivers/STM32G4xx_HAL_Driver/Src/stm32g4xx_hal_uart.o
 .text.HAL_UARTEx_WakeupCallback
                0x0800aed8       0x14 ./Drivers/STM32G4xx_HAL_Driver/Src/stm32g4xx_hal_uart_ex.o
                0x0800aed8                HAL_UARTEx_WakeupCallback
 .text.HAL_UARTEx_RxFifoFullCallback
                0x0800aeec       0x14 ./Drivers/STM32G4xx_HAL_Driver/Src/stm32g4xx_hal_uart_ex.o
                0x0800aeec                HAL_UARTEx_RxFifoFullCallback
 .text.HAL_UARTEx_TxFifoEmptyCallback
                0x0800af00       0x14 ./Drivers/STM32G4xx_HAL_Driver/Src/stm32g4xx_hal_uart_ex.o
                0x0800af00                HAL_UARTEx_TxFifoEmptyCallback
 .text.HAL_UARTEx_DisableFifoMode
                0x0800af14       0x72 ./Drivers/STM32G4xx_HAL_Driver/Src/stm32g4xx_hal_uart_ex.o
                0x0800af14                HAL_UARTEx_DisableFifoMode
 .text.HAL_UARTEx_SetTxFifoThreshold
                0x0800af86       0x7c ./Drivers/STM32G4xx_HAL_Driver/Src/stm32g4xx_hal_uart_ex.o
                0x0800af86                HAL_UARTEx_SetTxFifoThreshold
 .text.HAL_UARTEx_SetRxFifoThreshold
                0x0800b002       0x7c ./Drivers/STM32G4xx_HAL_Driver/Src/stm32g4xx_hal_uart_ex.o
                0x0800b002                HAL_UARTEx_SetRxFifoThreshold
 *fill*         0x0800b07e        0x2 
 .text.UARTEx_SetNbDataToProcess
                0x0800b080       0x9c ./Drivers/STM32G4xx_HAL_Driver/Src/stm32g4xx_hal_uart_ex.o
 .text.snprintf
                0x0800b11c       0x6c C:/ST/STM32CubeIDE_2.0.0/STM32CubeIDE/plugins/com.st.stm32cube.ide.mcu.externaltools.gnu-tools-for-stm32.13.3.rel1.win32_1.0.100.202509120712/tools/bin/../lib/gcc/arm-none-eabi/13.3.1/../../../../arm-none-eabi/lib/thumb/v7e-m+fp/hard\libc_nano.a(libc_a-snprintf.o)
                0x0800b11c                sniprintf
                0x0800b11c                snprintf
 .text.sscanf   0x0800b188       0x58 C:/ST/STM32CubeIDE_2.0.0/STM32CubeIDE/plugins/com.st.stm32cube.ide.mcu.externaltools.gnu-tools-for-stm32.13.3.rel1.win32_1.0.100.202509120712/tools/bin/../lib/gcc/arm-none-eabi/13.3.1/../../../../arm-none-eabi/lib/thumb/v7e-m+fp/hard\libc_nano.a(libc_a-sscanf.o)
                0x0800b188                siscanf
                0x0800b188                sscanf
 .text.__seofread
                0x0800b1e0        0x4 C:/ST/STM32CubeIDE_2.0.0/STM32CubeIDE/plugins/com.st.stm32cube.ide.mcu.externaltools.gnu-tools-for-stm32.13.3.rel1.win32_1.0.100.202509120712/tools/bin/../lib/gcc/arm-none-eabi/13.3.1/../../../../arm-none-eabi/lib/thumb/v7e-m+fp/hard\libc_nano.a(libc_a-stdio.o)
                0x0800b1e0                __seofread
 .text._vsnprintf_r
                0x0800b1e4       0x5c C:/ST/STM32CubeIDE_2.0.0/STM32CubeIDE/plugins/com.st.stm32cube.ide.mcu.externaltools.gnu-tools-for-stm32.13.3.rel1.win32_1.0.100.202509120712/tools/bin/../lib/gcc/arm-none-eabi/13.3.1/../../../../arm-none-eabi/lib/thumb/v7e-m+fp/hard\libc_nano.a(libc_a-vsnprintf.o)
                0x0800b1e4                _vsniprintf_r
                0x0800b1e4                _vsnprintf_r
 .text.vsnprintf
                0x0800b240       0x1c C:/ST/STM32CubeIDE_2.0.0/STM32CubeIDE/plugins/com.st.stm32cube.ide.mcu.externaltools.gnu-tools-for-stm32.13.3.rel1.win32_1.0.100.202509120712/tools/bin/../lib/gcc/arm-none-eabi/13.3.1/../../../../arm-none-eabi/lib/thumb/v7e-m+fp/hard\libc_nano.a(libc_a-vsnprintf.o)
                0x0800b240                vsniprintf
                0x0800b240                vsnprintf
 .text.memcmp   0x0800b25c       0x20 C:/ST/STM32CubeIDE_2.0.0/STM32CubeIDE/plugins/com.st.stm32cube.ide.mcu.externaltools.gnu-tools-for-stm32.13.3.rel1.win32_1.0.100.202509120712/tools/bin/../lib/gcc/arm-none-eabi/13.3.1/../../../../arm-none-eabi/lib/thumb/v7e-m+fp/hard\libc_nano.a(libc_a-memcmp.o)
                0x0800b25c                memcmp
 .text.memset   0x0800b27c       0x10 C:/ST/STM32CubeIDE_2.0.0/STM32CubeIDE/plugins/com.st.stm32cube.ide.mcu.externaltools.gnu-tools-for-stm32.13.3.rel1.win32_1.0.100.202509120712/tools/bin/../lib/gcc/arm-none-eabi/13.3.1/../../../../arm-none-eabi/lib/thumb/v7e-m+fp/hard\libc_nano.a(libc_a-memset.o)
                0x0800b27c                memset
 .text.strncmp  0x0800b28c       0x24 C:/ST/STM32CubeIDE_2.0.0/STM32CubeIDE/plugins/com.st.stm32cube.ide.mcu.externaltools.gnu-tools-for-stm32.13.3.rel1.win32_1.0.100.202509120712/tools/bin/../lib/gcc/arm-none-eabi/13.3.1/../../../../arm-none-eabi/lib/thumb/v7e-m+fp/hard\libc_nano.a(libc_a-strncmp.o)
                0x0800b28c                strncmp
 .text.__errno  0x0800b2b0        0xc C:/ST/STM32CubeIDE_2.0.0/STM32CubeIDE/plugins/com.st.stm32cube.ide.mcu.externaltools.gnu-tools-for-stm32.13.3.rel1.win32_1.0.100.202509120712/tools/bin/../lib/gcc/arm-none-eabi/13.3.1/../../../../arm-none-eabi/lib/thumb/v7e-m+fp/hard\libc_nano.a(libc_a-errno.o)
                0x0800b2b0                __errno
 .text.__libc_init_array
                0x0800b2bc       0x48 C:/ST/STM32CubeIDE_2.0.0/STM32CubeIDE/plugins/com.st.stm32cube.ide.mcu.externaltools.gnu-tools-for-stm32.13.3.rel1.win32_1.0.100.202509120712/tools/bin/../lib/gcc/arm-none-eabi/13.3.1/../../../../arm-none-eabi/lib/thumb/v7e-m+fp/hard\libc_nano.a(libc_a-init.o)
                0x0800b2bc                __libc_init_array
 .text.__retarget_lock_acquire_recursive
                0x0800b304        0x2 C:/ST/STM32CubeIDE_2.0.0/STM32CubeIDE/plugins/com.st.stm32cube.ide.mcu.externaltools.gnu-tools-for-stm32.13.3.rel1.win32_1.0.100.202509120712/tools/bin/../lib/gcc/arm-none-eabi/13.3.1/../../../../arm-none-eabi/lib/thumb/v7e-m+fp/hard\libc_nano.a(libc_a-lock.o)
                0x0800b304                __retarget_lock_acquire_recursive
 .text.__retarget_lock_release_recursive
                0x0800b306        0x2 C:/ST/STM32CubeIDE_2.0.0/STM32CubeIDE/plugins/com.st.stm32cube.ide.mcu.externaltools.gnu-tools-for-stm32.13.3.rel1.win32_1.0.100.202509120712/tools/bin/../lib/gcc/arm-none-eabi/13.3.1/../../../../arm-none-eabi/lib/thumb/v7e-m+fp/hard\libc_nano.a(libc_a-lock.o)
                0x0800b306                __retarget_lock_release_recursive
 .text._free_r  0x0800b308       0x94 C:/ST/STM32CubeIDE_2.0.0/STM32CubeIDE/plugins/com.st.stm32cube.ide.mcu.externaltools.gnu-tools-for-stm32.13.3.rel1.win32_1.0.100.202509120712/tools/bin/../lib/gcc/arm-none-eabi/13.3.1/../../../../arm-none-eabi/lib/thumb/v7e-m+fp/hard\libc_nano.a(libc_a-freer.o)
                0x0800b308                _free_r
 .text.sbrk_aligned
                0x0800b39c       0x44 C:/ST/STM32CubeIDE_2.0.0/STM32CubeIDE/plugins/com.st.stm32cube.ide.mcu.externaltools.gnu-tools-for-stm32.13.3.rel1.win32_1.0.100.202509120712/tools/bin/../lib/gcc/arm-none-eabi/13.3.1/../../../../arm-none-eabi/lib/thumb/v7e-m+fp/hard\libc_nano.a(libc_a-mallocr.o)
 .text._malloc_r
                0x0800b3e0      0x100 C:/ST/STM32CubeIDE_2.0.0/STM32CubeIDE/plugins/com.st.stm32cube.ide.mcu.externaltools.gnu-tools-for-stm32.13.3.rel1.win32_1.0.100.202509120712/tools/bin/../lib/gcc/arm-none-eabi/13.3.1/../../../../arm-none-eabi/lib/thumb/v7e-m+fp/hard\libc_nano.a(libc_a-mallocr.o)
                0x0800b3e0                _malloc_r
 .text.__malloc_lock
                0x0800b4e0        0xc C:/ST/STM32CubeIDE_2.0.0/STM32CubeIDE/plugins/com.st.stm32cube.ide.mcu.externaltools.gnu-tools-for-stm32.13.3.rel1.win32_1.0.100.202509120712/tools/bin/../lib/gcc/arm-none-eabi/13.3.1/../../../../arm-none-eabi/lib/thumb/v7e-m+fp/hard\libc_nano.a(libc_a-mlock.o)
                0x0800b4e0                __malloc_lock
 .text.__malloc_unlock
                0x0800b4ec        0xc C:/ST/STM32CubeIDE_2.0.0/STM32CubeIDE/plugins/com.st.stm32cube.ide.mcu.externaltools.gnu-tools-for-stm32.13.3.rel1.win32_1.0.100.202509120712/tools/bin/../lib/gcc/arm-none-eabi/13.3.1/../../../../arm-none-eabi/lib/thumb/v7e-m+fp/hard\libc_nano.a(libc_a-mlock.o)
                0x0800b4ec                __malloc_unlock
 .text.__ssputs_r
                0x0800b4f8       0xb6 C:/ST/STM32CubeIDE_2.0.0/STM32CubeIDE/plugins/com.st.stm32cube.ide.mcu.externaltools.gnu-tools-for-stm32.13.3.rel1.win32_1.0.100.202509120712/tools/bin/../lib/gcc/arm-none-eabi/13.3.1/../../../../arm-none-eabi/lib/thumb/v7e-m+fp/hard\libc_nano.a(libc_a-nano-svfprintf.o)
                0x0800b4f8                __ssputs_r
 *fill*         0x0800b5ae        0x2 
 .text._svfprintf_r
                0x0800b5b0      0x1f8 C:/ST/STM32CubeIDE_2.0.0/STM32CubeIDE/plugins/com.st.stm32cube.ide.mcu.externaltools.gnu-tools-for-stm32.13.3.rel1.win32_1.0.100.202509120712/tools/bin/../lib/gcc/arm-none-eabi/13.3.1/../../../../arm-none-eabi/lib/thumb/v7e-m+fp/hard\libc_nano.a(libc_a-nano-svfprintf.o)
                0x0800b5b0                _svfiprintf_r
                0x0800b5b0                _svfprintf_r
 .text._sungetc_r
                0x0800b7a8       0x7a C:/ST/STM32CubeIDE_2.0.0/STM32CubeIDE/plugins/com.st.stm32cube.ide.mcu.externaltools.gnu-tools-for-stm32.13.3.rel1.win32_1.0.100.202509120712/tools/bin/../lib/gcc/arm-none-eabi/13.3.1/../../../../arm-none-eabi/lib/thumb/v7e-m+fp/hard\libc_nano.a(libc_a-nano-svfscanf.o)
                0x0800b7a8                _sungetc_r
 .text.__ssrefill_r
                0x0800b822       0x3a C:/ST/STM32CubeIDE_2.0.0/STM32CubeIDE/plugins/com.st.stm32cube.ide.mcu.externaltools.gnu-tools-for-stm32.13.3.rel1.win32_1.0.100.202509120712/tools/bin/../lib/gcc/arm-none-eabi/13.3.1/../../../../arm-none-eabi/lib/thumb/v7e-m+fp/hard\libc_nano.a(libc_a-nano-svfscanf.o)
                0x0800b822                __ssrefill_r
 .text.__ssvfscanf_r
                0x0800b85c      0x2ec C:/ST/STM32CubeIDE_2.0.0/STM32CubeIDE/plugins/com.st.stm32cube.ide.mcu.externaltools.gnu-tools-for-stm32.13.3.rel1.win32_1.0.100.202509120712/tools/bin/../lib/gcc/arm-none-eabi/13.3.1/../../../../arm-none-eabi/lib/thumb/v7e-m+fp/hard\libc_nano.a(libc_a-nano-svfscanf.o)
                0x0800b85c                __ssvfiscanf_r
                0x0800b85c                __ssvfscanf_r
 .text._printf_common
                0x0800bb48       0xda C:/ST/STM32CubeIDE_2.0.0/STM32CubeIDE/plugins/com.st.stm32cube.ide.mcu.externaltools.gnu-tools-for-stm32.13.3.rel1.win32_1.0.100.202509120712/tools/bin/../lib/gcc/arm-none-eabi/13.3.1/../../../../arm-none-eabi/lib/thumb/v7e-m+fp/hard\libc_nano.a(libc_a-nano-vfprintf_i.o)
                0x0800bb48                _printf_common
 *fill*         0x0800bc22        0x2 
 .text._printf_i
                0x0800bc24      0x23c C:/ST/STM32CubeIDE_2.0.0/STM32CubeIDE/plugins/com.st.stm32cube.ide.mcu.externaltools.gnu-tools-for-stm32.13.3.rel1.win32_1.0.100.202509120712/tools/bin/../lib/gcc/arm-none-eabi/13.3.1/../../../../arm-none-eabi/lib/thumb/v7e-m+fp/hard\libc_nano.a(libc_a-nano-vfprintf_i.o)
                0x0800bc24                _printf_i
 .text._scanf_chars
                0x0800be60       0xb4 C:/ST/STM32CubeIDE_2.0.0/STM32CubeIDE/plugins/com.st.stm32cube.ide.mcu.externaltools.gnu-tools-for-stm32.13.3.rel1.win32_1.0.100.202509120712/tools/bin/../lib/gcc/arm-none-eabi/13.3.1/../../../../arm-none-eabi/lib/thumb/v7e-m+fp/hard\libc_nano.a(libc_a-nano-vfscanf_i.o)
                0x0800be60                _scanf_chars
 .text._scanf_i
                0x0800bf14      0x1e8 C:/ST/STM32CubeIDE_2.0.0/STM32CubeIDE/plugins/com.st.stm32cube.ide.mcu.externaltools.gnu-tools-for-stm32.13.3.rel1.win32_1.0.100.202509120712/tools/bin/../lib/gcc/arm-none-eabi/13.3.1/../../../../arm-none-eabi/lib/thumb/v7e-m+fp/hard\libc_nano.a(libc_a-nano-vfscanf_i.o)
                0x0800bf14                _scanf_i
 .text.__sccl   0x0800c0fc       0x72 C:/ST/STM32CubeIDE_2.0.0/STM32CubeIDE/plugins/com.st.stm32cube.ide.mcu.externaltools.gnu-tools-for-stm32.13.3.rel1.win32_1.0.100.202509120712/tools/bin/../lib/gcc/arm-none-eabi/13.3.1/../../../../arm-none-eabi/lib/thumb/v7e-m+fp/hard\libc_nano.a(libc_a-sccl.o)
                0x0800c0fc                __sccl
 .text.__submore
                0x0800c16e       0x74 C:/ST/STM32CubeIDE_2.0.0/STM32CubeIDE/plugins/com.st.stm32cube.ide.mcu.externaltools.gnu-tools-for-stm32.13.3.rel1.win32_1.0.100.202509120712/tools/bin/../lib/gcc/arm-none-eabi/13.3.1/../../../../arm-none-eabi/lib/thumb/v7e-m+fp/hard\libc_nano.a(libc_a-ungetc.o)
                0x0800c16e                __submore
 .text.memmove  0x0800c1e2       0x34 C:/ST/STM32CubeIDE_2.0.0/STM32CubeIDE/plugins/com.st.stm32cube.ide.mcu.externaltools.gnu-tools-for-stm32.13.3.rel1.win32_1.0.100.202509120712/tools/bin/../lib/gcc/arm-none-eabi/13.3.1/../../../../arm-none-eabi/lib/thumb/v7e-m+fp/hard\libc_nano.a(libc_a-memmove.o)
                0x0800c1e2                memmove
 *fill*         0x0800c216        0x2 
 .text._sbrk_r  0x0800c218       0x20 C:/ST/STM32CubeIDE_2.0.0/STM32CubeIDE/plugins/com.st.stm32cube.ide.mcu.externaltools.gnu-tools-for-stm32.13.3.rel1.win32_1.0.100.202509120712/tools/bin/../lib/gcc/arm-none-eabi/13.3.1/../../../../arm-none-eabi/lib/thumb/v7e-m+fp/hard\libc_nano.a(libc_a-sbrkr.o)
                0x0800c218                _sbrk_r
 .text.memcpy   0x0800c238       0x1c C:/ST/STM32CubeIDE_2.0.0/STM32CubeIDE/plugins/com.st.stm32cube.ide.mcu.externaltools.gnu-tools-for-stm32.13.3.rel1.win32_1.0.100.202509120712/tools/bin/../lib/gcc/arm-none-eabi/13.3.1/../../../../arm-none-eabi/lib/thumb/v7e-m+fp/hard\libc_nano.a(libc_a-memcpy-stub.o)
                0x0800c238                memcpy
 .text._realloc_r
                0x0800c254       0x5c C:/ST/STM32CubeIDE_2.0.0/STM32CubeIDE/plugins/com.st.stm32cube.ide.mcu.externaltools.gnu-tools-for-stm32.13.3.rel1.win32_1.0.100.202509120712/tools/bin/../lib/gcc/arm-none-eabi/13.3.1/../../../../arm-none-eabi/lib/thumb/v7e-m+fp/hard\libc_nano.a(libc_a-reallocr.o)
                0x0800c254                _realloc_r
 .text._strtol_l.isra.0
                0x0800c2b0       0xf4 C:/ST/STM32CubeIDE_2.0.0/STM32CubeIDE/plugins/com.st.stm32cube.ide.mcu.externaltools.gnu-tools-for-stm32.13.3.rel1.win32_1.0.100.202509120712/tools/bin/../lib/gcc/arm-none-eabi/13.3.1/../../../../arm-none-eabi/lib/thumb/v7e-m+fp/hard\libc_nano.a(libc_a-strtol.o)
 .text._strtol_r
                0x0800c3a4        0x4 C:/ST/STM32CubeIDE_2.0.0/STM32CubeIDE/plugins/com.st.stm32cube.ide.mcu.externaltools.gnu-tools-for-stm32.13.3.rel1.win32_1.0.100.202509120712/tools/bin/../lib/gcc/arm-none-eabi/13.3.1/../../../../arm-none-eabi/lib/thumb/v7e-m+fp/hard\libc_nano.a(libc_a-strtol.o)
                0x0800c3a4                _strtol_r
 .text._strtoul_l.isra.0
                0x0800c3a8       0xdc C:/ST/STM32CubeIDE_2.0.0/STM32CubeIDE/plugins/com.st.stm32cube.ide.mcu.externaltools.gnu-tools-for-stm32.13.3.rel1.win32_1.0.100.202509120712/tools/bin/../lib/gcc/arm-none-eabi/13.3.1/../../../../arm-none-eabi/lib/thumb/v7e-m+fp/hard\libc_nano.a(libc_a-strtoul.o)
 .text._strtoul_r
                0x0800c484        0x4 C:/ST/STM32CubeIDE_2.0.0/STM32CubeIDE/plugins/com.st.stm32cube.ide.mcu.externaltools.gnu-tools-for-stm32.13.3.rel1.win32_1.0.100.202509120712/tools/bin/../lib/gcc/arm-none-eabi/13.3.1/../../../../arm-none-eabi/lib/thumb/v7e-m+fp/hard\libc_nano.a(libc_a-strtoul.o)
                0x0800c484                _strtoul_r
 .text._malloc_usable_size_r
                0x0800c488       0x10 C:/ST/STM32CubeIDE_2.0.0/STM32CubeIDE/plugins/com.st.stm32cube.ide.mcu.externaltools.gnu-tools-for-stm32.13.3.rel1.win32_1.0.100.202509120712/tools/bin/../lib/gcc/arm-none-eabi/13.3.1/../../../../arm-none-eabi/lib/thumb/v7e-m+fp/hard\libc_nano.a(libc_a-msizer.o)
                0x0800c488                _malloc_usable_size_r
 .text.atan2f   0x0800c498        0x4 C:/ST/STM32CubeIDE_2.0.0/STM32CubeIDE/plugins/com.st.stm32cube.ide.mcu.externaltools.gnu-tools-for-stm32.13.3.rel1.win32_1.0.100.202509120712/tools/bin/../lib/gcc/arm-none-eabi/13.3.1/../../../../arm-none-eabi/lib/thumb/v7e-m+fp/hard\libm.a(libm_a-wf_atan2.o)
                0x0800c498                atan2f
 .text.sqrtf    0x0800c49c       0x3c C:/ST/STM32CubeIDE_2.0.0/STM32CubeIDE/plugins/com.st.stm32cube.ide.mcu.externaltools.gnu-tools-for-stm32.13.3.rel1.win32_1.0.100.202509120712/tools/bin/../lib/gcc/arm-none-eabi/13.3.1/../../../../arm-none-eabi/lib/thumb/v7e-m+fp/hard\libm.a(libm_a-wf_sqrt.o)
                0x0800c49c                sqrtf
 .text.__ieee754_sqrtf
                0x0800c4d8        0x6 C:/ST/STM32CubeIDE_2.0.0/STM32CubeIDE/plugins/com.st.stm32cube.ide.mcu.externaltools.gnu-tools-for-stm32.13.3.rel1.win32_1.0.100.202509120712/tools/bin/../lib/gcc/arm-none-eabi/13.3.1/../../../../arm-none-eabi/lib/thumb/v7e-m+fp/hard\libm.a(libm_a-ef_sqrt.o)
                0x0800c4d8                __ieee754_sqrtf
 *fill*         0x0800c4de        0x2 
 .text.__ieee754_atan2f
                0x0800c4e0      0x140 C:/ST/STM32CubeIDE_2.0.0/STM32CubeIDE/plugins/com.st.stm32cube.ide.mcu.externaltools.gnu-tools-for-stm32.13.3.rel1.win32_1.0.100.202509120712/tools/bin/../lib/gcc/arm-none-eabi/13.3.1/../../../../arm-none-eabi/lib/thumb/v7e-m+fp/hard\libm.a(libm_a-ef_atan2.o)
                0x0800c4e0                __ieee754_atan2f
 .text.atanf    0x0800c620      0x1a8 C:/ST/STM32CubeIDE_2.0.0/STM32CubeIDE/plugins/com.st.stm32cube.ide.mcu.externaltools.gnu-tools-for-stm32.13.3.rel1.win32_1.0.100.202509120712/tools/bin/../lib/gcc/arm-none-eabi/13.3.1/../../../../arm-none-eabi/lib/thumb/v7e-m+fp/hard\libm.a(libm_a-sf_atan.o)
                0x0800c620                atanf
 .text.fabsf    0x0800c7c8        0xe C:/ST/STM32CubeIDE_2.0.0/STM32CubeIDE/plugins/com.st.stm32cube.ide.mcu.externaltools.gnu-tools-for-stm32.13.3.rel1.win32_1.0.100.202509120712/tools/bin/../lib/gcc/arm-none-eabi/13.3.1/../../../../arm-none-eabi/lib/thumb/v7e-m+fp/hard\libm.a(libm_a-sf_fabs.o)
                0x0800c7c8                fabsf
 *(.glue_7)
 .glue_7        0x0800c7d6        0x0 linker stubs
 *(.glue_7t)
 .glue_7t       0x0800c7d6        0x0 linker stubs
 *(.eh_frame)
 *fill*         0x0800c7d6        0x2 
 .eh_frame      0x0800c7d8        0x0 C:/ST/STM32CubeIDE_2.0.0/STM32CubeIDE/plugins/com.st.stm32cube.ide.mcu.externaltools.gnu-tools-for-stm32.13.3.rel1.win32_1.0.100.202509120712/tools/bin/../lib/gcc/arm-none-eabi/13.3.1/thumb/v7e-m+fp/hard/crtbegin.o
 *(.init)
 .init          0x0800c7d8        0x4 C:/ST/STM32CubeIDE_2.0.0/STM32CubeIDE/plugins/com.st.stm32cube.ide.mcu.externaltools.gnu-tools-for-stm32.13.3.rel1.win32_1.0.100.202509120712/tools/bin/../lib/gcc/arm-none-eabi/13.3.1/thumb/v7e-m+fp/hard/crti.o
                0x0800c7d8                _init
 .init          0x0800c7dc        0x8 C:/ST/STM32CubeIDE_2.0.0/STM32CubeIDE/plugins/com.st.stm32cube.ide.mcu.externaltools.gnu-tools-for-stm32.13.3.rel1.win32_1.0.100.202509120712/tools/bin/../lib/gcc/arm-none-eabi/13.3.1/thumb/v7e-m+fp/hard/crtn.o
 *(.fini)
 .fini          0x0800c7e4        0x4 C:/ST/STM32CubeIDE_2.0.0/STM32CubeIDE/plugins/com.st.stm32cube.ide.mcu.externaltools.gnu-tools-for-stm32.13.3.rel1.win32_1.0.100.202509120712/tools/bin/../lib/gcc/arm-none-eabi/13.3.1/thumb/v7e-m+fp/hard/crti.o
                0x0800c7e4                _fini
 .fini          0x0800c7e8        0x8 C:/ST/STM32CubeIDE_2.0.0/STM32CubeIDE/plugins/com.st.stm32cube.ide.mcu.externaltools.gnu-tools-for-stm32.13.3.rel1.win32_1.0.100.202509120712/tools/bin/../lib/gcc/arm-none-eabi/13.3.1/thumb/v7e-m+fp/hard/crtn.o
                0x0800c7f0                        . = ALIGN (0x4)
                0x0800c7f0                        _etext = .

.vfp11_veneer   0x0800c7f0        0x0
 .vfp11_veneer  0x0800c7f0        0x0 linker stubs

.v4_bx          0x0800c7f0        0x0
 .v4_bx         0x0800c7f0        0x0 linker stubs

.iplt           0x0800c7f0        0x0
 .iplt          0x0800c7f0        0x0 C:/ST/STM32CubeIDE_2.0.0/STM32CubeIDE/plugins/com.st.stm32cube.ide.mcu.externaltools.gnu-tools-for-stm32.13.3.rel1.win32_1.0.100.202509120712/tools/bin/../lib/gcc/arm-none-eabi/13.3.1/thumb/v7e-m+fp/hard/crtbegin.o

.rodata         0x0800c7f0      0x3c4
                0x0800c7f0                        . = ALIGN (0x4)
 *(.rodata)
 .rodata        0x0800c7f0      0x14f ./Core/Src/cmd_parser.o
 *fill*         0x0800c93f        0x1 
 .rodata        0x0800c940       0x9e ./Core/Src/main.o
 *fill*         0x0800c9de        0x2 
 .rodata        0x0800c9e0        0xc C:/ST/STM32CubeIDE_2.0.0/STM32CubeIDE/plugins/com.st.stm32cube.ide.mcu.externaltools.gnu-tools-for-stm32.13.3.rel1.win32_1.0.100.202509120712/tools/bin/../lib/gcc/arm-none-eabi/13.3.1/../../../../arm-none-eabi/lib/thumb/v7e-m+fp/hard\libc_nano.a(libc_a-nano-vfscanf_i.o)
 *(.rodata*)
 .rodata.AHBPrescTable
                0x0800c9ec       0x10 ./Core/Src/system_stm32g4xx.o
                0x0800c9ec                AHBPrescTable
 .rodata.APBPrescTable
                0x0800c9fc        0x8 ./Core/Src/system_stm32g4xx.o
                0x0800c9fc                APBPrescTable
 .rodata.UARTPrescTable
                0x0800ca04       0x18 ./Drivers/STM32G4xx_HAL_Driver/Src/stm32g4xx_hal_uart.o
                0x0800ca04                UARTPrescTable
 .rodata.numerator.1
                0x0800ca1c        0x8 ./Drivers/STM32G4xx_HAL_Driver/Src/stm32g4xx_hal_uart_ex.o
 .rodata.denominator.0
                0x0800ca24        0x8 ./Drivers/STM32G4xx_HAL_Driver/Src/stm32g4xx_hal_uart_ex.o
 .rodata._svfprintf_r.str1.1
                0x0800ca2c       0x4e C:/ST/STM32CubeIDE_2.0.0/STM32CubeIDE/plugins/com.st.stm32cube.ide.mcu.externaltools.gnu-tools-for-stm32.13.3.rel1.win32_1.0.100.202509120712/tools/bin/../lib/gcc/arm-none-eabi/13.3.1/../../../../arm-none-eabi/lib/thumb/v7e-m+fp/hard\libc_nano.a(libc_a-nano-svfprintf.o)
                                 0x11 (size before relaxing)
 .rodata.__ssvfscanf_r.str1.1
                0x0800ca7a        0x0 C:/ST/STM32CubeIDE_2.0.0/STM32CubeIDE/plugins/com.st.stm32cube.ide.mcu.externaltools.gnu-tools-for-stm32.13.3.rel1.win32_1.0.100.202509120712/tools/bin/../lib/gcc/arm-none-eabi/13.3.1/../../../../arm-none-eabi/lib/thumb/v7e-m+fp/hard\libc_nano.a(libc_a-nano-svfscanf.o)
                                  0x4 (size before relaxing)
 .rodata._printf_i.str1.1
                0x0800ca7a        0x0 C:/ST/STM32CubeIDE_2.0.0/STM32CubeIDE/plugins/com.st.stm32cube.ide.mcu.externaltools.gnu-tools-for-stm32.13.3.rel1.win32_1.0.100.202509120712/tools/bin/../lib/gcc/arm-none-eabi/13.3.1/../../../../arm-none-eabi/lib/thumb/v7e-m+fp/hard\libc_nano.a(libc_a-nano-vfprintf_i.o)
                                 0x22 (size before relaxing)
 .rodata._scanf_i.str1.1
                0x0800ca7a        0x0 C:/ST/STM32CubeIDE_2.0.0/STM32CubeIDE/plugins/com.st.stm32cube.ide.mcu.externaltools.gnu-tools-for-stm32.13.3.rel1.win32_1.0.100.202509120712/tools/bin/../lib/gcc/arm-none-eabi/13.3.1/../../../../arm-none-eabi/lib/thumb/v7e-m+fp/hard\libc_nano.a(libc_a-nano-vfscanf_i.o)
                                 0x12 (size before relaxing)
 .rodata.str1.1
                0x0800ca7a        0x0 C:/ST/STM32CubeIDE_2.0.0/STM32CubeIDE/plugins/com.st.stm32cube.ide.mcu.externaltools.gnu-tools-for-stm32.13.3.rel1.win32_1.0.100.202509120712/tools/bin/../lib/gcc/arm-none-eabi/13.3.1/../../../../arm-none-eabi/lib/thumb/v7e-m+fp/hard\libc_nano.a(libc_a-nano-vfscanf_i.o)
                                  0x9 (size before relaxing)
 .rodata._ctype_
                0x0800ca7a      0x101 C:/ST/STM32CubeIDE_2.0.0/STM32CubeIDE/plugins/com.st.stm32cube.ide.mcu.externaltools.gnu-tools-for-stm32.13.3.rel1.win32_1.0.100.202509120712/tools/bin/../lib/gcc/arm-none-eabi/13.3.1/../../../../arm-none-eabi/lib/thumb/v7e-m+fp/hard\libc_nano.a(libc_a-ctype_.o)
                0x0800ca7a                _ctype_
 *fill*         0x0800cb7b        0x1 
 .rodata.CSWTCH.9
                0x0800cb7c        0xc C:/ST/STM32CubeIDE_2.0.0/STM32CubeIDE/plugins/com.st.stm32cube.ide.mcu.externaltools.gnu-tools-for-stm32.13.3.rel1.win32_1.0.100.202509120712/tools/bin/../lib/gcc/arm-none-eabi/13.3.1/../../../../arm-none-eabi/lib/thumb/v7e-m+fp/hard\libm.a(libm_a-ef_atan2.o)
 .rodata.CSWTCH.8
                0x0800cb88        0xc C:/ST/STM32CubeIDE_2.0.0/STM32CubeIDE/plugins/com.st.stm32cube.ide.mcu.externaltools.gnu-tools-for-stm32.13.3.rel1.win32_1.0.100.202509120712/tools/bin/../lib/gcc/arm-none-eabi/13.3.1/../../../../arm-none-eabi/lib/thumb/v7e-m+fp/hard\libm.a(libm_a-ef_atan2.o)
 .rodata.atanlo
                0x0800cb94       0x10 C:/ST/STM32CubeIDE_2.0.0/STM32CubeIDE/plugins/com.st.stm32cube.ide.mcu.externaltools.gnu-tools-for-stm32.13.3.rel1.win32_1.0.100.202509120712/tools/bin/../lib/gcc/arm-none-eabi/13.3.1/../../../../arm-none-eabi/lib/thumb/v7e-m+fp/hard\libm.a(libm_a-sf_atan.o)
 .rodata.atanhi
                0x0800cba4       0x10 C:/ST/STM32CubeIDE_2.0.0/STM32CubeIDE/plugins/com.st.stm32cube.ide.mcu.externaltools.gnu-tools-for-stm32.13.3.rel1.win32_1.0.100.202509120712/tools/bin/../lib/gcc/arm-none-eabi/13.3.1/../../../../arm-none-eabi/lib/thumb/v7e-m+fp/hard\libm.a(libm_a-sf_atan.o)
                0x0800cbb4                        . = ALIGN (0x4)

.ARM.extab      0x0800cbb4        0x0
                0x0800cbb4                        . = ALIGN (0x4)
 *(.ARM.extab* .gnu.linkonce.armextab.*)
                0x0800cbb4                        . = ALIGN (0x4)

.ARM            0x0800cbb4        0x8
                0x0800cbb4                        . = ALIGN (0x4)
                0x0800cbb4                        __exidx_start = .
 *(.ARM.exidx*)
 .ARM.exidx     0x0800cbb4        0x8 C:/ST/STM32CubeIDE_2.0.0/STM32CubeIDE/plugins/com.st.stm32cube.ide.mcu.externaltools.gnu-tools-for-stm32.13.3.rel1.win32_1.0.100.202509120712/tools/bin/../lib/gcc/arm-none-eabi/13.3.1/../../../../arm-none-eabi/lib/thumb/v7e-m+fp/hard\libc_nano.a(libc_a-strcmp.o)
 .ARM.exidx     0x0800cbbc        0x0 C:/ST/STM32CubeIDE_2.0.0/STM32CubeIDE/plugins/com.st.stm32cube.ide.mcu.externaltools.gnu-tools-for-stm32.13.3.rel1.win32_1.0.100.202509120712/tools/bin/../lib/gcc/arm-none-eabi/13.3.1/../../../../arm-none-eabi/lib/thumb/v7e-m+fp/hard\libc_nano.a(libc_a-strlen.o)
                                  0x8 (size before relaxing)
 .ARM.exidx     0x0800cbbc        0x0 C:/ST/STM32CubeIDE_2.0.0/STM32CubeIDE/plugins/com.st.stm32cube.ide.mcu.externaltools.gnu-tools-for-stm32.13.3.rel1.win32_1.0.100.202509120712/tools/bin/../lib/gcc/arm-none-eabi/13.3.1/../../../../arm-none-eabi/lib/thumb/v7e-m+fp/hard\libc_nano.a(libc_a-memchr.o)
                                  0x8 (size before relaxing)
 .ARM.exidx     0x0800cbbc        0x0 C:/ST/STM32CubeIDE_2.0.0/STM32CubeIDE/plugins/com.st.stm32cube.ide.mcu.externaltools.gnu-tools-for-stm32.13.3.rel1.win32_1.0.100.202509120712/tools/bin/../lib/gcc/arm-none-eabi/13.3.1/thumb/v7e-m+fp/hard\libgcc.a(_udivmoddi4.o)
                                  0x8 (size before relaxing)
                0x0800cbbc                        __exidx_end = .
                0x0800cbbc                        . = ALIGN (0x4)

.preinit_array  0x0800cbbc        0x0
                0x0800cbbc                        . = ALIGN (0x4)
                0x0800cbbc                        PROVIDE (__preinit_array_start = .)
 *(.preinit_array*)
                0x0800cbbc                        PROVIDE (__preinit_array_end = .)
                0x0800cbbc                        . = ALIGN (0x4)

.init_array     0x0800cbbc        0x4
                0x0800cbbc                        . = ALIGN (0x4)
                0x0800cbbc                        PROVIDE (__init_array_start = .)
 *(SORT_BY_NAME(.init_array.*))
 *(.init_array*)
 .init_array    0x0800cbbc        0x4 C:/ST/STM32CubeIDE_2.0.0/STM32CubeIDE/plugins/com.st.stm32cube.ide.mcu.externaltools.gnu-tools-for-stm32.13.3.rel1.win32_1.0.100.202509120712/tools/bin/../lib/gcc/arm-none-eabi/13.3.1/thumb/v7e-m+fp/hard/crtbegin.o
                0x0800cbc0                        PROVIDE (__init_array_end = .)
                0x0800cbc0                        . = ALIGN (0x4)

.fini_array     0x0800cbc0        0x4
                0x0800cbc0                        . = ALIGN (0x4)
                [!provide]                        PROVIDE (__fini_array_start = .)
 *(SORT_BY_NAME(.fini_array.*))
 *(.fini_array*)
 .fini_array    0x0800cbc0        0x4 C:/ST/STM32CubeIDE_2.0.0/STM32CubeIDE/plugins/com.st.stm32cube.ide.mcu.externaltools.gnu-tools-for-stm32.13.3.rel1.win32_1.0.100.202509120712/tools/bin/../lib/gcc/arm-none-eabi/13.3.1/thumb/v7e-m+fp/hard/crtbegin.o
                [!provide]                        PROVIDE (__fini_array_end = .)
                0x0800cbc4                        . = ALIGN (0x4)
                0x0800cbc4                        _sidata = LOADADDR (.data)

.rel.dyn        0x0800cbc4        0x0
 .rel.iplt      0x0800cbc4        0x0 C:/ST/STM32CubeIDE_2.0.0/STM32CubeIDE/plugins/com.st.stm32cube.ide.mcu.externaltools.gnu-tools-for-stm32.13.3.rel1.win32_1.0.100.202509120712/tools/bin/../lib/gcc/arm-none-eabi/13.3.1/thumb/v7e-m+fp/hard/crtbegin.o

.data           0x20000000       0xa0 load address 0x0800cbc4
                0x20000000                        . = ALIGN (0x4)
                0x20000000                        _sdata = .
 *(.data)
 *(.data*)
 .data.adc_min  0x20000000        0x2 ./Core/Src/main.o
                0x20000000                adc_min
 *fill*         0x20000002        0x2 
 .data.dac_ov   0x20000004        0x4 ./Core/Src/main.o
                0x20000004                dac_ov
 .data.pwm_puls
                0x20000008        0x4 ./Core/Src/main.o
                0x20000008                pwm_puls
 .data.roll_kalman
                0x2000000c        0xc ./Core/Src/mpu6050.o
 .data.pitch_kalman
                0x20000018        0xc ./Core/Src/mpu6050.o
 .data.SystemCoreClock
                0x20000024        0x4 ./Core/Src/system_stm32g4xx.o
                0x20000024                SystemCoreClock
 .data.uwTickPrio
                0x20000028        0x4 ./Drivers/STM32G4xx_HAL_Driver/Src/stm32g4xx_hal.o
                0x20000028                uwTickPrio
 .data.uwTickFreq
                0x2000002c        0x4 ./Drivers/STM32G4xx_HAL_Driver/Src/stm32g4xx_hal.o
                0x2000002c                uwTickFreq
 .data.pFlash   0x20000030       0x20 ./Drivers/STM32G4xx_HAL_Driver/Src/stm32g4xx_hal_flash.o
                0x20000030                pFlash
 .data._impure_ptr
                0x20000050        0x4 C:/ST/STM32CubeIDE_2.0.0/STM32CubeIDE/plugins/com.st.stm32cube.ide.mcu.externaltools.gnu-tools-for-stm32.13.3.rel1.win32_1.0.100.202509120712/tools/bin/../lib/gcc/arm-none-eabi/13.3.1/../../../../arm-none-eabi/lib/thumb/v7e-m+fp/hard\libc_nano.a(libc_a-impure.o)
                0x20000050                _impure_ptr
 .data._impure_data
                0x20000054       0x4c C:/ST/STM32CubeIDE_2.0.0/STM32CubeIDE/plugins/com.st.stm32cube.ide.mcu.externaltools.gnu-tools-for-stm32.13.3.rel1.win32_1.0.100.202509120712/tools/bin/../lib/gcc/arm-none-eabi/13.3.1/../../../../arm-none-eabi/lib/thumb/v7e-m+fp/hard\libc_nano.a(libc_a-impure.o)
                0x20000054                _impure_data
 *(.RamFunc)
 *(.RamFunc*)
                0x200000a0                        . = ALIGN (0x4)
                0x200000a0                        _edata = .

.igot.plt       0x200000a0        0x0 load address 0x0800cc64
 .igot.plt      0x200000a0        0x0 C:/ST/STM32CubeIDE_2.0.0/STM32CubeIDE/plugins/com.st.stm32cube.ide.mcu.externaltools.gnu-tools-for-stm32.13.3.rel1.win32_1.0.100.202509120712/tools/bin/../lib/gcc/arm-none-eabi/13.3.1/thumb/v7e-m+fp/hard/crtbegin.o
                0x200000a0                        . = ALIGN (0x4)

.bss            0x200000a0      0x734 load address 0x0800cc64
                0x200000a0                        _sbss = .
                0x200000a0                        __bss_start__ = _sbss
 *(.bss)
 .bss           0x200000a0       0x1c C:/ST/STM32CubeIDE_2.0.0/STM32CubeIDE/plugins/com.st.stm32cube.ide.mcu.externaltools.gnu-tools-for-stm32.13.3.rel1.win32_1.0.100.202509120712/tools/bin/../lib/gcc/arm-none-eabi/13.3.1/thumb/v7e-m+fp/hard/crtbegin.o
 *(.bss*)
 .bss.hadc1     0x200000bc       0x6c ./Core/Src/adc.o
                0x200000bc                hadc1
 .bss.hdma_adc1
                0x20000128       0x60 ./Core/Src/adc.o
                0x20000128                hdma_adc1
 .bss.hdac1     0x20000188       0x14 ./Core/Src/dac.o
                0x20000188                hdac1
 .bss.event_set_level_offset
                0x2000019c        0x1 ./Core/Src/events_handler.o
                0x2000019c                event_set_level_offset
 .bss.event_save_max
                0x2000019d        0x1 ./Core/Src/events_handler.o
                0x2000019d                event_save_max
 .bss.event_double_clap
                0x2000019e        0x1 ./Core/Src/events_handler.o
                0x2000019e                event_double_clap
 .bss.button_edge_pending
                0x2000019f        0x1 ./Core/Src/events_handler.o
 .bss.button_edge_tick
                0x200001a0        0x4 ./Core/Src/events_handler.o
 .bss.mic_event_ticks
                0x200001a4       0x10 ./Core/Src/events_handler.o
 .bss.mic_queue_head
                0x200001b4        0x1 ./Core/Src/events_handler.o
 .bss.mic_queue_tail
                0x200001b5        0x1 ./Core/Src/events_handler.o
 .bss.mic_queue_count
                0x200001b6        0x1 ./Core/Src/events_handler.o
 *fill*         0x200001b7        0x1 
 .bss.mic_last_irq_tick
                0x200001b8        0x4 ./Core/Src/events_handler.o
 .bss.button_last_sample_pressed
                0x200001bc        0x1 ./Core/Src/events_handler.o
 .bss.button_stable_pressed
                0x200001bd        0x1 ./Core/Src/events_handler.o
 .bss.button_press_active
                0x200001be        0x1 ./Core/Src/events_handler.o
 .bss.button_long_press_reported
                0x200001bf        0x1 ./Core/Src/events_handler.o
 .bss.button_click_count
                0x200001c0        0x1 ./Core/Src/events_handler.o
 *fill*         0x200001c1        0x3 
 .bss.button_last_change_tick
                0x200001c4        0x4 ./Core/Src/events_handler.o
 .bss.button_press_start_tick
                0x200001c8        0x4 ./Core/Src/events_handler.o
 .bss.button_click_window_start_tick
                0x200001cc        0x4 ./Core/Src/events_handler.o
 .bss.clap_count
                0x200001d0        0x1 ./Core/Src/events_handler.o
 *fill*         0x200001d1        0x3 
 .bss.clap_window_start_tick
                0x200001d4        0x4 ./Core/Src/events_handler.o
 .bss.hi2c1     0x200001d8       0x54 ./Core/Src/i2c.o
                0x200001d8                hi2c1
 .bss.config    0x2000022c       0x18 ./Core/Src/main.o
                0x2000022c                config
 .bss.mpu_data  0x20000244       0x1c ./Core/Src/main.o
                0x20000244                mpu_data
 .bss.uart_rx_rb
                0x20000260       0x46 ./Core/Src/main.o
                0x20000260                uart_rx_rb
 .bss.rx_byte   0x200002a6        0x1 ./Core/Src/main.o
                0x200002a6                rx_byte
 .bss.line_index
                0x200002a7        0x1 ./Core/Src/main.o
                0x200002a7                line_index
 .bss.line_overflow
                0x200002a8        0x1 ./Core/Src/main.o
                0x200002a8                line_overflow
 .bss.alarm_active
                0x200002a9        0x1 ./Core/Src/main.o
                0x200002a9                alarm_active
 *fill*         0x200002aa        0x2 
 .bss.line_buffer
                0x200002ac       0x40 ./Core/Src/main.o
                0x200002ac                line_buffer
 .bss.cmd_response
                0x200002ec      0x100 ./Core/Src/main.o
                0x200002ec                cmd_response
 .bss.current_roll
                0x200003ec        0x4 ./Core/Src/main.o
                0x200003ec                current_roll
 .bss.current_pitch
                0x200003f0        0x4 ./Core/Src/main.o
                0x200003f0                current_pitch
 .bss.accel_g   0x200003f4        0x4 ./Core/Src/main.o
                0x200003f4                accel_g
 .bss.adc_buf   0x200003f8      0x100 ./Core/Src/main.o
                0x200003f8                adc_buf
 .bss.adc_half_ready
                0x200004f8        0x1 ./Core/Src/main.o
                0x200004f8                adc_half_ready
 .bss.adc_full_ready
                0x200004f9        0x1 ./Core/Src/main.o
                0x200004f9                adc_full_ready
 .bss.adc_max   0x200004fa        0x2 ./Core/Src/main.o
                0x200004fa                adc_max
 .bss.speaker_enable
                0x200004fc        0x1 ./Core/Src/main.o
                0x200004fc                speaker_enable
 .bss.dac_state
                0x200004fd        0x1 ./Core/Src/main.o
                0x200004fd                dac_state
 *fill*         0x200004fe        0x2 
 .bss.dac_change
                0x20000500        0x4 ./Core/Src/main.o
                0x20000500                dac_change
 .bss.c         0x20000504        0x2 ./Core/Src/main.o
                0x20000504                c
 *fill*         0x20000506        0x2 
 .bss.mpu6050_i2c
                0x20000508        0x4 ./Core/Src/mpu6050.o
 .bss.__sbrk_heap_end
                0x2000050c        0x4 ./Core/Src/sysmem.o
 .bss.htim3     0x20000510       0x4c ./Core/Src/tim.o
                0x20000510                htim3
 .bss.htim6     0x2000055c       0x4c ./Core/Src/tim.o
                0x2000055c                htim6
 .bss.htim7     0x200005a8       0x4c ./Core/Src/tim.o
                0x200005a8                htim7
 .bss.huart2    0x200005f4       0x94 ./Core/Src/usart.o
                0x200005f4                huart2
 .bss.uwTick    0x20000688        0x4 ./Drivers/STM32G4xx_HAL_Driver/Src/stm32g4xx_hal.o
                0x20000688                uwTick
 .bss.__sf      0x2000068c      0x138 C:/ST/STM32CubeIDE_2.0.0/STM32CubeIDE/plugins/com.st.stm32cube.ide.mcu.externaltools.gnu-tools-for-stm32.13.3.rel1.win32_1.0.100.202509120712/tools/bin/../lib/gcc/arm-none-eabi/13.3.1/../../../../arm-none-eabi/lib/thumb/v7e-m+fp/hard\libc_nano.a(libc_a-findfp.o)
                0x2000068c                __sf
 .bss.errno     0x200007c4        0x4 C:/ST/STM32CubeIDE_2.0.0/STM32CubeIDE/plugins/com.st.stm32cube.ide.mcu.externaltools.gnu-tools-for-stm32.13.3.rel1.win32_1.0.100.202509120712/tools/bin/../lib/gcc/arm-none-eabi/13.3.1/../../../../arm-none-eabi/lib/thumb/v7e-m+fp/hard\libc_nano.a(libc_a-reent.o)
                0x200007c4                errno
 .bss.__lock___malloc_recursive_mutex
                0x200007c8        0x1 C:/ST/STM32CubeIDE_2.0.0/STM32CubeIDE/plugins/com.st.stm32cube.ide.mcu.externaltools.gnu-tools-for-stm32.13.3.rel1.win32_1.0.100.202509120712/tools/bin/../lib/gcc/arm-none-eabi/13.3.1/../../../../arm-none-eabi/lib/thumb/v7e-m+fp/hard\libc_nano.a(libc_a-lock.o)
                0x200007c8                __lock___malloc_recursive_mutex
 *fill*         0x200007c9        0x3 
 .bss.__malloc_sbrk_start
                0x200007cc        0x4 C:/ST/STM32CubeIDE_2.0.0/STM32CubeIDE/plugins/com.st.stm32cube.ide.mcu.externaltools.gnu-tools-for-stm32.13.3.rel1.win32_1.0.100.202509120712/tools/bin/../lib/gcc/arm-none-eabi/13.3.1/../../../../arm-none-eabi/lib/thumb/v7e-m+fp/hard\libc_nano.a(libc_a-mallocr.o)
                0x200007cc                __malloc_sbrk_start
 .bss.__malloc_free_list
                0x200007d0        0x4 C:/ST/STM32CubeIDE_2.0.0/STM32CubeIDE/plugins/com.st.stm32cube.ide.mcu.externaltools.gnu-tools-for-stm32.13.3.rel1.win32_1.0.100.202509120712/tools/bin/../lib/gcc/arm-none-eabi/13.3.1/../../../../arm-none-eabi/lib/thumb/v7e-m+fp/hard\libc_nano.a(libc_a-mallocr.o)
                0x200007d0                __malloc_free_list
 *(COMMON)
                0x200007d4                        . = ALIGN (0x4)
                0x200007d4                        _ebss = .
                0x200007d4                        __bss_end__ = _ebss

._user_heap_stack
                0x200007d4      0x604 load address 0x0800cc64
                0x200007d8                        . = ALIGN (0x8)
 *fill*         0x200007d4        0x4 
                [!provide]                        PROVIDE (end = .)
                0x200007d8                        PROVIDE (_end = .)
                0x200009d8                        . = (. + _Min_Heap_Size)
 *fill*         0x200007d8      0x200 
                0x20000dd8                        . = (. + _Min_Stack_Size)
 *fill*         0x200009d8      0x400 
                0x20000dd8                        . = ALIGN (0x8)

/DISCARD/
 libc.a(*)
 libm.a(*)
 libgcc.a(*)

.ARM.attributes
                0x00000000       0x30
 *(.ARM.attributes)
 .ARM.attributes
                0x00000000       0x22 C:/ST/STM32CubeIDE_2.0.0/STM32CubeIDE/plugins/com.st.stm32cube.ide.mcu.externaltools.gnu-tools-for-stm32.13.3.rel1.win32_1.0.100.202509120712/tools/bin/../lib/gcc/arm-none-eabi/13.3.1/thumb/v7e-m+fp/hard/crti.o
 .ARM.attributes
                0x00000022       0x34 C:/ST/STM32CubeIDE_2.0.0/STM32CubeIDE/plugins/com.st.stm32cube.ide.mcu.externaltools.gnu-tools-for-stm32.13.3.rel1.win32_1.0.100.202509120712/tools/bin/../lib/gcc/arm-none-eabi/13.3.1/thumb/v7e-m+fp/hard/crtbegin.o
 .ARM.attributes
                0x00000056       0x34 ./Core/Src/adc.o
 .ARM.attributes
                0x0000008a       0x34 ./Core/Src/cmd_parser.o
 .ARM.attributes
                0x000000be       0x34 ./Core/Src/dac.o
 .ARM.attributes
                0x000000f2       0x34 ./Core/Src/dma.o
 .ARM.attributes
                0x00000126       0x34 ./Core/Src/events_handler.o
 .ARM.attributes
                0x0000015a       0x34 ./Core/Src/flash_manager.o
 .ARM.attributes
                0x0000018e       0x34 ./Core/Src/gpio.o
 .ARM.attributes
                0x000001c2       0x34 ./Core/Src/i2c.o
 .ARM.attributes
                0x000001f6       0x34 ./Core/Src/main.o
 .ARM.attributes
                0x0000022a       0x34 ./Core/Src/mpu6050.o
 .ARM.attributes
                0x0000025e       0x34 ./Core/Src/ring_buffer.o
 .ARM.attributes
                0x00000292       0x34 ./Core/Src/stm32g4xx_hal_msp.o
 .ARM.attributes
                0x000002c6       0x34 ./Core/Src/stm32g4xx_it.o
 .ARM.attributes
                0x000002fa       0x34 ./Core/Src/sysmem.o
 .ARM.attributes
                0x0000032e       0x34 ./Core/Src/system_stm32g4xx.o
 .ARM.attributes
                0x00000362       0x34 ./Core/Src/tim.o
 .ARM.attributes
                0x00000396       0x34 ./Core/Src/usart.o
 .ARM.attributes
                0x000003ca       0x21 ./Core/Startup/startup_stm32g491retx.o
 .ARM.attributes
                0x000003eb       0x34 ./Drivers/STM32G4xx_HAL_Driver/Src/stm32g4xx_hal.o
 .ARM.attributes
                0x0000041f       0x34 ./Drivers/STM32G4xx_HAL_Driver/Src/stm32g4xx_hal_adc.o
 .ARM.attributes
                0x00000453       0x34 ./Drivers/STM32G4xx_HAL_Driver/Src/stm32g4xx_hal_adc_ex.o
 .ARM.attributes
                0x00000487       0x34 ./Drivers/STM32G4xx_HAL_Driver/Src/stm32g4xx_hal_cortex.o
 .ARM.attributes
                0x000004bb       0x34 ./Drivers/STM32G4xx_HAL_Driver/Src/stm32g4xx_hal_dac.o
 .ARM.attributes
                0x000004ef       0x34 ./Drivers/STM32G4xx_HAL_Driver/Src/stm32g4xx_hal_dma.o
 .ARM.attributes
                0x00000523       0x34 ./Drivers/STM32G4xx_HAL_Driver/Src/stm32g4xx_hal_flash.o
 .ARM.attributes
                0x00000557       0x34 ./Drivers/STM32G4xx_HAL_Driver/Src/stm32g4xx_hal_flash_ex.o
 .ARM.attributes
                0x0000058b       0x34 ./Drivers/STM32G4xx_HAL_Driver/Src/stm32g4xx_hal_gpio.o
 .ARM.attributes
                0x000005bf       0x34 ./Drivers/STM32G4xx_HAL_Driver/Src/stm32g4xx_hal_i2c.o
 .ARM.attributes
                0x000005f3       0x34 ./Drivers/STM32G4xx_HAL_Driver/Src/stm32g4xx_hal_i2c_ex.o
 .ARM.attributes
                0x00000627       0x34 ./Drivers/STM32G4xx_HAL_Driver/Src/stm32g4xx_hal_pwr_ex.o
 .ARM.attributes
                0x0000065b       0x34 ./Drivers/STM32G4xx_HAL_Driver/Src/stm32g4xx_hal_rcc.o
 .ARM.attributes
                0x0000068f       0x34 ./Drivers/STM32G4xx_HAL_Driver/Src/stm32g4xx_hal_rcc_ex.o
 .ARM.attributes
                0x000006c3       0x34 ./Drivers/STM32G4xx_HAL_Driver/Src/stm32g4xx_hal_tim.o
 .ARM.attributes
                0x000006f7       0x34 ./Drivers/STM32G4xx_HAL_Driver/Src/stm32g4xx_hal_tim_ex.o
 .ARM.attributes
                0x0000072b       0x34 ./Drivers/STM32G4xx_HAL_Driver/Src/stm32g4xx_hal_uart.o
 .ARM.attributes
                0x0000075f       0x34 ./Drivers/STM32G4xx_HAL_Driver/Src/stm32g4xx_hal_uart_ex.o
 .ARM.attributes
                0x00000793       0x34 C:/ST/STM32CubeIDE_2.0.0/STM32CubeIDE/plugins/com.st.stm32cube.ide.mcu.externaltools.gnu-tools-for-stm32.13.3.rel1.win32_1.0.100.202509120712/tools/bin/../lib/gcc/arm-none-eabi/13.3.1/../../../../arm-none-eabi/lib/thumb/v7e-m+fp/hard\libc_nano.a(libc_a-findfp.o)
 .ARM.attributes
                0x000007c7       0x34 C:/ST/STM32CubeIDE_2.0.0/STM32CubeIDE/plugins/com.st.stm32cube.ide.mcu.externaltools.gnu-tools-for-stm32.13.3.rel1.win32_1.0.100.202509120712/tools/bin/../lib/gcc/arm-none-eabi/13.3.1/../../../../arm-none-eabi/lib/thumb/v7e-m+fp/hard\libc_nano.a(libc_a-snprintf.o)